Archive member included to satisfy reference by file (symbol)

C:/devkitPro/libnds/lib\libnds9.a(background.o)
                              main.o (bgInit_call)
C:/devkitPro/libnds/lib\libnds9.a(trig.o)
                              C:/devkitPro/libnds/lib\libnds9.a(background.o) (sinLerp)
C:/devkitPro/libnds/lib\libnds9.a(console.o)
                              main.o (consoleDemoInit)
C:/devkitPro/libnds/lib\libnds9.a(keys.o)
                              main.o (scanKeys)
C:/devkitPro/libnds/lib\libnds9.a(initSystem.o)
                              C:/devkitPro/devkitARM/bin/../lib/gcc/arm-none-eabi/13.2.0/../../../../arm-none-eabi/lib/thumb/ds_arm9_crt0.o (initSystem)
C:/devkitPro/libnds/lib\libnds9.a(securearea.o)
                              C:/devkitPro/devkitARM/bin/../lib/gcc/arm-none-eabi/13.2.0/../../../../arm-none-eabi/lib/thumb/ds_arm9_crt0.o (__secure_area__)
C:/devkitPro/libnds/lib\libnds9.a(interrupts.o)
                              C:/devkitPro/libnds/lib\libnds9.a(initSystem.o) (irqInit)
C:/devkitPro/libnds/lib\libnds9.a(libnds_exit.arm.o)
                              C:/devkitPro/devkitARM/bin/../lib/gcc/arm-none-eabi/13.2.0/../../../../arm-none-eabi/lib/thumb/ds_arm9_crt0.o (__libnds_exit)
C:/devkitPro/libnds/lib\libnds9.a(fifosystem.o)
                              C:/devkitPro/libnds/lib\libnds9.a(initSystem.o) (fifoSetValue32Handler)
C:/devkitPro/libnds/lib\libnds9.a(mpu_setup.o)
                              C:/devkitPro/devkitARM/bin/../lib/gcc/arm-none-eabi/13.2.0/../../../../arm-none-eabi/lib/thumb/ds_arm9_crt0.o (__libnds_mpu_setup)
C:/devkitPro/libnds/lib\libnds9.a(IntrWait.o)
                              main.o (swiWaitForVBlank)
C:/devkitPro/libnds/lib\libnds9.a(cpu_clock.o)
                              C:/devkitPro/libnds/lib\libnds9.a(initSystem.o) (setCpuClock)
C:/devkitPro/libnds/lib\libnds9.a(interruptDispatcher.o)
                              C:/devkitPro/libnds/lib\libnds9.a(interrupts.o) (IntrMain)
C:/devkitPro/libnds/lib\libnds9.a(debugprint.o)
                              C:/devkitPro/libnds/lib\libnds9.a(console.o) (nocashWrite)
C:/devkitPro/libnds/lib\libnds9.a(swiSoftReset.o)
                              C:/devkitPro/libnds/lib\libnds9.a(fifosystem.o) (swiSoftReset)
C:/devkitPro/libnds/lib\libnds9.a(default_font.bin.o)
                              C:/devkitPro/libnds/lib\libnds9.a(console.o) (default_font_bin)
C:/devkitPro/libnds/lib\libnds9.a(video.o)
                              C:/devkitPro/libnds/lib\libnds9.a(initSystem.o) (vramDefault)
C:/devkitPro/libnds/lib\libnds9.a(system.o)
                              C:/devkitPro/libnds/lib\libnds9.a(initSystem.o) (systemValueHandler)
C:/devkitPro/libnds/lib\libnds9.a(biosCalls.o)
                              C:/devkitPro/libnds/lib\libnds9.a(system.o) (swiDelay)
C:/devkitPro/devkitARM/bin/../lib/gcc/arm-none-eabi/13.2.0/thumb\libgcc.a(_udivsi3.o)
                              main.o (__aeabi_uidivmod)
C:/devkitPro/devkitARM/bin/../lib/gcc/arm-none-eabi/13.2.0/thumb\libgcc.a(_divsi3.o)
                              main.o (__aeabi_idivmod)
C:/devkitPro/devkitARM/bin/../lib/gcc/arm-none-eabi/13.2.0/thumb\libgcc.a(_dvmd_tls.o)
                              C:/devkitPro/devkitARM/bin/../lib/gcc/arm-none-eabi/13.2.0/thumb\libgcc.a(_udivsi3.o) (__aeabi_idiv0)
C:/devkitPro/devkitARM/bin/../lib/gcc/arm-none-eabi/13.2.0/../../../../arm-none-eabi/lib/thumb\libg.a(libc_a-bsearch.o)
                              C:/devkitPro/libnds/lib\libnds9.a(trig.o) (bsearch)
C:/devkitPro/devkitARM/bin/../lib/gcc/arm-none-eabi/13.2.0/../../../../arm-none-eabi/lib/thumb\libg.a(libc_a-siscanf.o)
                              C:/devkitPro/libnds/lib\libnds9.a(console.o) (siscanf)
C:/devkitPro/devkitARM/bin/../lib/gcc/arm-none-eabi/13.2.0/../../../../arm-none-eabi/lib/thumb\libg.a(libc_a-setvbuf.o)
                              C:/devkitPro/libnds/lib\libnds9.a(console.o) (setvbuf)
C:/devkitPro/devkitARM/bin/../lib/gcc/arm-none-eabi/13.2.0/../../../../arm-none-eabi/lib/thumb\libg.a(libc_a-svfiscanf.o)
                              C:/devkitPro/devkitARM/bin/../lib/gcc/arm-none-eabi/13.2.0/../../../../arm-none-eabi/lib/thumb\libg.a(libc_a-siscanf.o) (__ssvfiscanf_r)
C:/devkitPro/devkitARM/bin/../lib/gcc/arm-none-eabi/13.2.0/../../../../arm-none-eabi/lib/thumb\libg.a(libc_a-freer.o)
                              C:/devkitPro/devkitARM/bin/../lib/gcc/arm-none-eabi/13.2.0/../../../../arm-none-eabi/lib/thumb\libg.a(libc_a-setvbuf.o) (_free_r)
C:/devkitPro/devkitARM/bin/../lib/gcc/arm-none-eabi/13.2.0/../../../../arm-none-eabi/lib/thumb\libg.a(libc_a-iprintf.o)
                              main.o (iprintf)
C:/devkitPro/devkitARM/bin/../lib/gcc/arm-none-eabi/13.2.0/../../../../arm-none-eabi/lib/thumb\libg.a(libc_a-malloc.o)
                              C:/devkitPro/devkitARM/bin/../lib/gcc/arm-none-eabi/13.2.0/../../../../arm-none-eabi/lib/thumb\libg.a(libc_a-setvbuf.o) (malloc)
[...]
Memory Configuration

Name             Origin             Length             Attributes
ewram            0x02000000         0x00380000
dtcm             0x02ff0000         0x00004000
vectors          0x01000000         0x00000100
itcm             0x01000100         0x00007f00
*default*        0x00000000         0xffffffff

Linker script and memory map

                0x02380000                        __ewram_end = (ORIGIN (ewram) + LENGTH (ewram))
                0x02380000                        __eheap_end = (ORIGIN (ewram) + LENGTH (ewram))
                0x02ff4000                        __dtcm_top = (ORIGIN (dtcm) + LENGTH (dtcm))
                0x02ff3ff8                        __irq_flags = (__dtcm_top - 0x8)
                0x02ff3ffc                        __irq_vector = (__dtcm_top - 0x4)
                0x02ff3f00                        __sp_svc = (__dtcm_top - 0x100)
                0x02ff3e00                        __sp_irq = (__sp_svc - 0x100)
                0x02ff3d00                        __sp_usr = (__sp_irq - 0x100)

.secure         0x02000000      0x800
 *(.secure)
 .secure        0x02000000      0x800 C:/devkitPro/libnds/lib\libnds9.a(securearea.o)
                0x02000000                __secure_area__

.crt0           0x02000800      0x300
                0x02000800                        __text_start = .
 *(.crt0)
 .crt0          0x02000800      0x300 C:/devkitPro/devkitARM/bin/../lib/gcc/arm-none-eabi/13.2.0/../../../../arm-none-eabi/lib/thumb/ds_arm9_crt0.o
                0x02000800                _start
                0x02000b00                        . = ALIGN (0x4)

.plt
 *(.plt)

.init           0x02000b00        0xc
 *(SORT_NONE(.init))
 .init          0x02000b00        0x4 C:/devkitPro/devkitARM/bin/../lib/gcc/arm-none-eabi/13.2.0/thumb/crti.o
                0x02000b00                _init
 .init          0x02000b04        0x8 C:/devkitPro/devkitARM/bin/../lib/gcc/arm-none-eabi/13.2.0/thumb/crtn.o

.text           0x02000b10     0x8c40
 *(EXCLUDE_FILE(*.twl* *.vectors* *.itcm*) .text)
 .text          0x02000b10      0x11c C:/devkitPro/devkitARM/bin/../lib/gcc/arm-none-eabi/13.2.0/thumb\libgcc.a(_udivsi3.o)
                0x02000b10                __aeabi_uidiv
                0x02000b10                __udivsi3
                0x02000c0c                __aeabi_uidivmod
 .text          0x02000c2c      0x150 C:/devkitPro/devkitARM/bin/../lib/gcc/arm-none-eabi/13.2.0/thumb\libgcc.a(_divsi3.o)
                0x02000c2c                __divsi3
                0x02000c2c                __aeabi_idiv
                0x02000d5c                __aeabi_idivmod
 .text          0x02000d7c        0x4 C:/devkitPro/devkitARM/bin/../lib/gcc/arm-none-eabi/13.2.0/thumb\libgcc.a(_dvmd_tls.o)
                0x02000d7c                __aeabi_idiv0
                0x02000d7c                __aeabi_ldiv0
 .text          0x02000d80       0x14 C:/devkitPro/devkitARM/bin/../lib/gcc/arm-none-eabi/13.2.0/thumb\libgcc.a(_thumb1_case_uqi.o)
                0x02000d80                __gnu_thumb1_case_uqi
 .text          0x02000d94       0x14 C:/devkitPro/devkitARM/bin/../lib/gcc/arm-none-eabi/13.2.0/thumb\libgcc.a(_thumb1_case_uhi.o)
                0x02000d94                __gnu_thumb1_case_uhi
 .text          0x02000da8       0x3c C:/devkitPro/devkitARM/bin/../lib/gcc/arm-none-eabi/13.2.0/thumb\libgcc.a(_aeabi_uldivmod.o)
                0x02000da8                __aeabi_uldivmod
 .text          0x02000de4       0x28 C:/devkitPro/devkitARM/bin/../lib/gcc/arm-none-eabi/13.2.0/thumb\libgcc.a(_clzdi2.o)
                0x02000de4                __clzdi2
 .text          0x02000e0c       0x48 C:/devkitPro/devkitARM/bin/../lib/gcc/arm-none-eabi/13.2.0/thumb\libgcc.a(_clzsi2.o)
                0x02000e0c                __clzsi2
 *(EXCLUDE_FILE(*.twl* *.vectors* *.itcm*) .stub)
 *(EXCLUDE_FILE(*.twl* *.vectors* *.itcm*) .text.*)
 .text.__do_global_dtors_aux
                0x02000e54       0x2c C:/devkitPro/devkitARM/bin/../lib/gcc/arm-none-eabi/13.2.0/thumb/crtbegin.o
 .text.frame_dummy
                0x02000e80       0x24 C:/devkitPro/devkitARM/bin/../lib/gcc/arm-none-eabi/13.2.0/thumb/crtbegin.o
 .text.startup  0x02000ea4       0x90 main.o
                0x02000ea4                main
 .text.checkIfText
                0x02000f34       0x5c C:/devkitPro/libnds/lib\libnds9.a(background.o)
                0x02000f34                checkIfText
 .text.bgUpdate
                0x02000f90       0xf4 C:/devkitPro/libnds/lib\libnds9.a(background.o)
                0x02000f90                bgUpdate
 .text.bgInit_call
                0x02001084       0xc4 C:/devkitPro/libnds/lib\libnds9.a(background.o)
                0x02001084                bgInit_call
 .text.bgInitSub_call
                0x02001148       0xcc C:/devkitPro/libnds/lib\libnds9.a(background.o)
                0x02001148                bgInitSub_call
 .text.sinLutLookup
                0x02001214       0x4c C:/devkitPro/libnds/lib\libnds9.a(trig.o)
                0x02001214                sinLutLookup
 .text.sinLerp  0x02001260       0x40 C:/devkitPro/libnds/lib\libnds9.a(trig.o)
                0x02001260                sinLerp
 .text.cosLerp  0x020012a0       0x4c C:/devkitPro/libnds/lib\libnds9.a(trig.o)
                0x020012a0                cosLerp
 .text.newRow   0x020012ec       0xa8 C:/devkitPro/libnds/lib\libnds9.a(console.o)
 .text.consolePrintChar
                0x02001394       0xe0 C:/devkitPro/libnds/lib\libnds9.a(console.o)
                0x02001394                consolePrintChar
 .text.con_write
                0x02001474      0x36c C:/devkitPro/libnds/lib\libnds9.a(console.o)
                0x02001474                con_write
 .text.consoleLoadFont
                0x020017e0      0x2a0 C:/devkitPro/libnds/lib\libnds9.a(console.o)
                0x020017e0                consoleLoadFont
 .text.consoleInit
                0x02001a80      0x18c C:/devkitPro/libnds/lib\libnds9.a(console.o)
                0x02001a80                consoleInit
 .text.consoleDemoInit
                0x02001c0c       0x40 C:/devkitPro/libnds/lib\libnds9.a(console.o)
                0x02001c0c                consoleDemoInit
 .text.consoleClear
                0x02001c4c       0x10 C:/devkitPro/libnds/lib\libnds9.a(console.o)
                0x02001c4c                consoleClear
 .text.scanKeys
                0x02001c5c       0x8c C:/devkitPro/libnds/lib\libnds9.a(keys.o)
                0x02001c5c                scanKeys
 .text.keysDown
                0x02001ce8       0x14 C:/devkitPro/libnds/lib\libnds9.a(keys.o)
                0x02001ce8                keysDown
 .text.initSystem
                0x02001cfc      0x180 C:/devkitPro/libnds/lib\libnds9.a(initSystem.o)
                0x02001cfc                initSystem
 .text.irqDummy
                0x02001e7c        0x4 C:/devkitPro/libnds/lib\libnds9.a(interrupts.o)
                0x02001e7c                irqDummy
 .text.irqSet   0x02001e80       0x6c C:/devkitPro/libnds/lib\libnds9.a(interrupts.o)
                0x02001e80                irqSet
 .text.irqInit  0x02001eec       0x50 C:/devkitPro/libnds/lib\libnds9.a(interrupts.o)
                0x02001eec                irqInit
 .text.irqEnable
                0x02001f3c       0x64 C:/devkitPro/libnds/lib\libnds9.a(interrupts.o)
                0x02001f3c                irqEnable
 .text.systemErrorExit
                0x02001fa0        0x4 C:/devkitPro/libnds/lib\libnds9.a(libnds_exit.arm.o)
                0x02001fa0                systemErrorExit
 .text.__libnds_exit
                0x02001fa4       0x5c C:/devkitPro/libnds/lib\libnds9.a(libnds_exit.arm.o)
                0x02001fa4                __libnds_exit
 .text.fifo_queueBlock
                0x02002000       0x44 C:/devkitPro/libnds/lib\libnds9.a(fifosystem.o)
 .text.fifo_waitBlock
                0x02002044       0x80 C:/devkitPro/libnds/lib\libnds9.a(fifosystem.o)
 .text.fifoInternalSend.part.0
                0x020020c4       0xd4 C:/devkitPro/libnds/lib\libnds9.a(fifosystem.o)
 .text.fifoInternalSendInterrupt
                0x02002198       0xb0 C:/devkitPro/libnds/lib\libnds9.a(fifosystem.o)
 .text.fifoSetValue32Handler
                0x02002248       0xd4 C:/devkitPro/libnds/lib\libnds9.a(fifosystem.o)
                0x02002248                fifoSetValue32Handler
 .text.fifoSendValue32
                0x0200231c       0x4c C:/devkitPro/libnds/lib\libnds9.a(fifosystem.o)
                0x0200231c                fifoSendValue32
 .text.fifoGetDatamsg
                0x02002368       0xf4 C:/devkitPro/libnds/lib\libnds9.a(fifosystem.o)
                0x02002368                fifoGetDatamsg
 .text.fifoInternalRecvInterrupt
                0x0200245c      0x37c C:/devkitPro/libnds/lib\libnds9.a(fifosystem.o)
 .text.fifoSetDatamsgHandler
                0x020027d8       0x9c C:/devkitPro/libnds/lib\libnds9.a(fifosystem.o)
                0x020027d8                fifoSetDatamsgHandler
 .text.fifoInit
                0x02002874      0x108 C:/devkitPro/libnds/lib\libnds9.a(fifosystem.o)
                0x02002874                fifoInit
 .text.__libnds_mpu_setup
                0x0200297c      0x174 C:/devkitPro/libnds/lib\libnds9.a(mpu_setup.o)
                0x0200297c                __libnds_mpu_setup
 .text.memUncached
                0x02002af0       0x20 C:/devkitPro/libnds/lib\libnds9.a(mpu_setup.o)
                0x02002af0                memUncached
 .text.swiWaitForVBlank
                0x02002b10        0x8 C:/devkitPro/libnds/lib\libnds9.a(IntrWait.o)
                0x02002b10                swiWaitForVBlank
 .text.swiIntrWait
                0x02002b18       0x70 C:/devkitPro/libnds/lib\libnds9.a(IntrWait.o)
                0x02002b18                swiIntrWait
 .text.setCpuClock
                0x02002b88       0x50 C:/devkitPro/libnds/lib\libnds9.a(cpu_clock.o)
                0x02002b88                setCpuClock
 .text.swiSoftReset
                0x02002bd8       0x2c C:/devkitPro/libnds/lib\libnds9.a(swiSoftReset.o)
                0x02002bd8                swiSoftReset
 .text.vramDefault
                0x02002c04       0xd0 C:/devkitPro/libnds/lib\libnds9.a(video.o)
                0x02002c04                vramDefault
 .text.systemValueHandler
                0x02002cd4       0x48 C:/devkitPro/libnds/lib\libnds9.a(system.o)
                0x02002cd4                systemValueHandler
 .text.systemMsgHandler
                0x02002d1c       0x60 C:/devkitPro/libnds/lib\libnds9.a(system.o)
                0x02002d1c                systemMsgHandler
 .text.powerOn  0x02002d7c       0x2c C:/devkitPro/libnds/lib\libnds9.a(system.o)
                0x02002d7c                powerOn
 .text.swiDelay
                0x02002da8        0x4 C:/devkitPro/libnds/lib\libnds9.a(biosCalls.o)
                0x02002da8                swiDelay
 .text.siscanf  0x02002dac       0x4c C:/devkitPro/devkitARM/bin/../lib/gcc/arm-none-eabi/13.2.0/../../../../arm-none-eabi/lib/thumb\libg.a(libc_a-siscanf.o)
                0x02002dac                siscanf
 .text.setvbuf  0x02002df8      0x1a4 C:/devkitPro/devkitARM/bin/../lib/gcc/arm-none-eabi/13.2.0/../../../../arm-none-eabi/lib/thumb\libg.a(libc_a-setvbuf.o)
                0x02002df8                setvbuf
 .text.get_arg  0x02002f9c       0x3e C:/devkitPro/devkitARM/bin/../lib/gcc/arm-none-eabi/13.2.0/../../../../arm-none-eabi/lib/thumb\libg.a(libc_a-svfiscanf.o)
 .text._sungetc_r
                0x02002fda       0x7e C:/devkitPro/devkitARM/bin/../lib/gcc/arm-none-eabi/13.2.0/../../../../arm-none-eabi/lib/thumb\libg.a(libc_a-svfiscanf.o)
                0x02002fda                _sungetc_r
 .text.__ssrefill_r
                0x02003058       0x42 C:/devkitPro/devkitARM/bin/../lib/gcc/arm-none-eabi/13.2.0/../../../../arm-none-eabi/lib/thumb\libg.a(libc_a-svfiscanf.o)
                0x02003058                __ssrefill_r
 .text._sfread_r
                0x0200309a       0x88 C:/devkitPro/devkitARM/bin/../lib/gcc/arm-none-eabi/13.2.0/../../../../arm-none-eabi/lib/thumb\libg.a(libc_a-svfiscanf.o)
                0x0200309a                _sfread_r
 *fill*         0x02003122        0x2 ff
 .text.__ssvfiscanf_r
                0x02003124     0x1ac4 C:/devkitPro/devkitARM/bin/../lib/gcc/arm-none-eabi/13.2.0/../../../../arm-none-eabi/lib/thumb\libg.a(libc_a-svfiscanf.o)
                0x02003124                __ssvfiscanf_r
 .text._malloc_trim_r
                0x02004be8       0xac C:/devkitPro/devkitARM/bin/../lib/gcc/arm-none-eabi/13.2.0/../../../../arm-none-eabi/lib/thumb\libg.a(libc_a-freer.o)
                0x02004be8                _malloc_trim_r
 .text._free_r  0x02004c94      0x1d8 C:/devkitPro/devkitARM/bin/../lib/gcc/arm-none-eabi/13.2.0/../../../../arm-none-eabi/lib/thumb\libg.a(libc_a-freer.o)
                0x02004c94                _free_r
 .text.iprintf  0x02004e6c       0x24 C:/devkitPro/devkitARM/bin/../lib/gcc/arm-none-eabi/13.2.0/../../../../arm-none-eabi/lib/thumb\libg.a(libc_a-iprintf.o)
                0x02004e6c                iprintf
 .text.malloc   0x02004e90       0x14 C:/devkitPro/devkitARM/bin/../lib/gcc/arm-none-eabi/13.2.0/../../../../arm-none-eabi/lib/thumb\libg.a(libc_a-malloc.o)
                0x02004e90                malloc
 .text.free     0x02004ea4       0x14 C:/devkitPro/devkitARM/bin/../lib/gcc/arm-none-eabi/13.2.0/../../../../arm-none-eabi/lib/thumb\libg.a(libc_a-malloc.o)
                0x02004ea4                free
 .text._malloc_r
                0x02004eb8      0x558 C:/devkitPro/devkitARM/bin/../lib/gcc/arm-none-eabi/13.2.0/../../../../arm-none-eabi/lib/thumb\libg.a(libc_a-mallocr.o)
                0x02004eb8                _malloc_r
 .text.memset   0x02005410       0xb0 C:/devkitPro/devkitARM/bin/../lib/gcc/arm-none-eabi/13.2.0/../../../../arm-none-eabi/lib/thumb\libg.a(libc_a-memset.o)
                0x02005410                memset
 .text.__malloc_lock
                0x020054c0       0x14 C:/devkitPro/devkitARM/bin/../lib/gcc/arm-none-eabi/13.2.0/../../../../arm-none-eabi/lib/thumb\libg.a(libc_a-mlock.o)
                0x020054c0                __malloc_lock
 .text.__malloc_unlock
                0x020054d4       0x14 C:/devkitPro/devkitARM/bin/../lib/gcc/arm-none-eabi/13.2.0/../../../../arm-none-eabi/lib/thumb\libg.a(libc_a-mlock.o)
                0x020054d4                __malloc_unlock
 .text.strlen   0x020054e8       0x60 C:/devkitPro/devkitARM/bin/../lib/gcc/arm-none-eabi/13.2.0/../../../../arm-none-eabi/lib/thumb\libg.a(libc_a-strlen.o)
                0x020054e8                strlen
 .text.__sflush_r
                0x02005548      0x188 C:/devkitPro/devkitARM/bin/../lib/gcc/arm-none-eabi/13.2.0/../../../../arm-none-eabi/lib/thumb\libg.a(libc_a-fflush.o)
                0x02005548                __sflush_r
 .text._fflush_r
                0x020056d0       0x70 C:/devkitPro/devkitARM/bin/../lib/gcc/arm-none-eabi/13.2.0/../../../../arm-none-eabi/lib/thumb\libg.a(libc_a-fflush.o)
                0x020056d0                _fflush_r
 .text._fwalk_sglue
                0x02005740       0x4c C:/devkitPro/devkitARM/bin/../lib/gcc/arm-none-eabi/13.2.0/../../../../arm-none-eabi/lib/thumb\libg.a(libc_a-fwalk.o)
                0x02005740                _fwalk_sglue
 .text.stdio_exit_handler
                0x0200578c       0x20 C:/devkitPro/devkitARM/bin/../lib/gcc/arm-none-eabi/13.2.0/../../../../arm-none-eabi/lib/thumb\libg.a(libc_a-findfp.o)
 .text.cleanup_stdio
                0x020057ac       0x40 C:/devkitPro/devkitARM/bin/../lib/gcc/arm-none-eabi/13.2.0/../../../../arm-none-eabi/lib/thumb\libg.a(libc_a-findfp.o)
 .text.global_stdio_init.part.0
                0x020057ec      0x128 C:/devkitPro/devkitARM/bin/../lib/gcc/arm-none-eabi/13.2.0/../../../../arm-none-eabi/lib/thumb\libg.a(libc_a-findfp.o)
 .text.__sinit  0x02005914       0x3c C:/devkitPro/devkitARM/bin/../lib/gcc/arm-none-eabi/13.2.0/../../../../arm-none-eabi/lib/thumb\libg.a(libc_a-findfp.o)
                0x02005914                __sinit
 .text.__sfp_lock_acquire
                0x02005950       0x14 C:/devkitPro/devkitARM/bin/../lib/gcc/arm-none-eabi/13.2.0/../../../../arm-none-eabi/lib/thumb\libg.a(libc_a-findfp.o)
                0x02005950                __sfp_lock_acquire
 .text.__sfp_lock_release
                0x02005964       0x14 C:/devkitPro/devkitARM/bin/../lib/gcc/arm-none-eabi/13.2.0/../../../../arm-none-eabi/lib/thumb\libg.a(libc_a-findfp.o)
                0x02005964                __sfp_lock_release
 .text._strtol_l.part.0
                0x02005978      0x13c C:/devkitPro/devkitARM/bin/../lib/gcc/arm-none-eabi/13.2.0/../../../../arm-none-eabi/lib/thumb\libg.a(libc_a-strtol.o)
 .text._strtol_r
                0x02005ab4       0x34 C:/devkitPro/devkitARM/bin/../lib/gcc/arm-none-eabi/13.2.0/../../../../arm-none-eabi/lib/thumb\libg.a(libc_a-strtol.o)
                0x02005ab4                _strtol_r
 .text.realloc  0x02005ae8       0x18 C:/devkitPro/devkitARM/bin/../lib/gcc/arm-none-eabi/13.2.0/../../../../arm-none-eabi/lib/thumb\libg.a(libc_a-realloc.o)
                0x02005ae8                realloc
 .text._strtoul_l.isra.0
                0x02005b00      0x144 C:/devkitPro/devkitARM/bin/../lib/gcc/arm-none-eabi/13.2.0/../../../../arm-none-eabi/lib/thumb\libg.a(libc_a-strtoul.o)
 .text._strtoul_r
                0x02005c44       0x20 C:/devkitPro/devkitARM/bin/../lib/gcc/arm-none-eabi/13.2.0/../../../../arm-none-eabi/lib/thumb\libg.a(libc_a-strtoul.o)
                0x02005c44                _strtoul_r
 .text.__locale_mb_cur_max
                0x02005c64       0x20 C:/devkitPro/devkitARM/bin/../lib/gcc/arm-none-eabi/13.2.0/../../../../arm-none-eabi/lib/thumb\libg.a(libc_a-locale.o)
                0x02005c64                __locale_mb_cur_max
 .text.__utf8_wctomb
                0x02005c84       0xb4 C:/devkitPro/devkitARM/bin/../lib/gcc/arm-none-eabi/13.2.0/../../../../arm-none-eabi/lib/thumb\libg.a(libc_a-wctomb_r.o)
                0x02005c84                __utf8_wctomb
 .text.memcpy   0x02005d38       0x90 C:/devkitPro/devkitARM/bin/../lib/gcc/arm-none-eabi/13.2.0/../../../../arm-none-eabi/lib/thumb\libg.a(libc_a-memcpy-stub.o)
                0x02005d38                memcpy
 .text.__libc_init_array
                0x02005dc8       0x54 C:/devkitPro/devkitARM/bin/../lib/gcc/arm-none-eabi/13.2.0/../../../../arm-none-eabi/lib/thumb\libg.a(libc_a-init.o)
                0x02005dc8                __libc_init_array
 .text.__errno  0x02005e1c        0xc C:/devkitPro/devkitARM/bin/../lib/gcc/arm-none-eabi/13.2.0/../../../../arm-none-eabi/lib/thumb\libg.a(libc_a-errno.o)
                0x02005e1c                __errno
 .text._strtoll_l.isra.0
                0x02005e28      0x19c C:/devkitPro/devkitARM/bin/../lib/gcc/arm-none-eabi/13.2.0/../../../../arm-none-eabi/lib/thumb\libg.a(libc_a-strtoll.o)
 .text._strtoll_r
                0x02005fc4       0x20 C:/devkitPro/devkitARM/bin/../lib/gcc/arm-none-eabi/13.2.0/../../../../arm-none-eabi/lib/thumb\libg.a(libc_a-strtoll.o)
                0x02005fc4                _strtoll_r
 .text._strtoull_l.isra.0
                0x02005fe4      0x1c4 C:/devkitPro/devkitARM/bin/../lib/gcc/arm-none-eabi/13.2.0/../../../../arm-none-eabi/lib/thumb\libg.a(libc_a-strtoull.o)
 .text._strtoull_r
                0x020061a8       0x20 C:/devkitPro/devkitARM/bin/../lib/gcc/arm-none-eabi/13.2.0/../../../../arm-none-eabi/lib/thumb\libg.a(libc_a-strtoull.o)
                0x020061a8                _strtoull_r
 .text.iswspace
                0x020061c8       0x10 C:/devkitPro/devkitARM/bin/../lib/gcc/arm-none-eabi/13.2.0/../../../../arm-none-eabi/lib/thumb\libg.a(libc_a-iswspace.o)
                0x020061c8                iswspace
 .text._mbrtowc_r
                0x020061d8       0x90 C:/devkitPro/devkitARM/bin/../lib/gcc/arm-none-eabi/13.2.0/../../../../arm-none-eabi/lib/thumb\libg.a(libc_a-mbrtowc.o)
                0x020061d8                _mbrtowc_r
 .text.__smakebuf_r
                0x02006268       0xe8 C:/devkitPro/devkitARM/bin/../lib/gcc/arm-none-eabi/13.2.0/../../../../arm-none-eabi/lib/thumb\libg.a(libc_a-makebuf.o)
                0x02006268                __smakebuf_r
 .text.__swhatbuf_r
                0x02006350       0x5c C:/devkitPro/devkitARM/bin/../lib/gcc/arm-none-eabi/13.2.0/../../../../arm-none-eabi/lib/thumb\libg.a(libc_a-makebuf.o)
                0x02006350                __swhatbuf_r
 .text.iswspace_l
                0x020063ac       0x28 C:/devkitPro/devkitARM/bin/../lib/gcc/arm-none-eabi/13.2.0/../../../../arm-none-eabi/lib/thumb\libg.a(libc_a-iswspace_l.o)
                0x020063ac                iswspace_l
 .text.__sccl   0x020063d4       0xa0 C:/devkitPro/devkitARM/bin/../lib/gcc/arm-none-eabi/13.2.0/../../../../arm-none-eabi/lib/thumb\libg.a(libc_a-sccl.o)
                0x020063d4                __sccl
 .text.__submore
                0x02006474       0x88 C:/devkitPro/devkitARM/bin/../lib/gcc/arm-none-eabi/13.2.0/../../../../arm-none-eabi/lib/thumb\libg.a(libc_a-ungetc.o)
                0x02006474                __submore
 .text.__sread  0x020064fc       0x34 C:/devkitPro/devkitARM/bin/../lib/gcc/arm-none-eabi/13.2.0/../../../../arm-none-eabi/lib/thumb\libg.a(libc_a-stdio.o)
                0x020064fc                __sread
 .text.__seofread
                0x02006530        0x4 C:/devkitPro/devkitARM/bin/../lib/gcc/arm-none-eabi/13.2.0/../../../../arm-none-eabi/lib/thumb\libg.a(libc_a-stdio.o)
                0x02006530                __seofread
 .text.__swrite
                0x02006534       0x4c C:/devkitPro/devkitARM/bin/../lib/gcc/arm-none-eabi/13.2.0/../../../../arm-none-eabi/lib/thumb\libg.a(libc_a-stdio.o)
                0x02006534                __swrite
 .text.__sseek  0x02006580       0x44 C:/devkitPro/devkitARM/bin/../lib/gcc/arm-none-eabi/13.2.0/../../../../arm-none-eabi/lib/thumb\libg.a(libc_a-stdio.o)
                0x02006580                __sseek
 .text.__sclose
                0x020065c4       0x10 C:/devkitPro/devkitARM/bin/../lib/gcc/arm-none-eabi/13.2.0/../../../../arm-none-eabi/lib/thumb\libg.a(libc_a-stdio.o)
                0x020065c4                __sclose
 .text.category
                0x020065d4       0x58 C:/devkitPro/devkitARM/bin/../lib/gcc/arm-none-eabi/13.2.0/../../../../arm-none-eabi/lib/thumb\libg.a(libc_a-categories.o)
                0x020065d4                category
 .text.get_arg  0x0200662c      0x434 C:/devkitPro/devkitARM/bin/../lib/gcc/arm-none-eabi/13.2.0/../../../../arm-none-eabi/lib/thumb\libg.a(libc_a-vfiprintf.o)
 .text.__sprint_r
                0x02006a60       0x24 C:/devkitPro/devkitARM/bin/../lib/gcc/arm-none-eabi/13.2.0/../../../../arm-none-eabi/lib/thumb\libg.a(libc_a-vfiprintf.o)
                0x02006a60                __sprint_r
 .text._vfiprintf_r
                0x02006a84     0x17cc C:/devkitPro/devkitARM/bin/../lib/gcc/arm-none-eabi/13.2.0/../../../../arm-none-eabi/lib/thumb\libg.a(libc_a-vfiprintf.o)
                0x02006a84                _vfiprintf_r
 .text.__sbprintf
                0x02008250       0x7c C:/devkitPro/devkitARM/bin/../lib/gcc/arm-none-eabi/13.2.0/../../../../arm-none-eabi/lib/thumb\libg.a(libc_a-vfiprintf.o)
 .text.__swsetup_r
                0x020082cc       0xcc C:/devkitPro/devkitARM/bin/../lib/gcc/arm-none-eabi/13.2.0/../../../../arm-none-eabi/lib/thumb\libg.a(libc_a-wsetup.o)
                0x020082cc                __swsetup_r
 .text._fclose_r
                0x02008398       0xd8 C:/devkitPro/devkitARM/bin/../lib/gcc/arm-none-eabi/13.2.0/../../../../arm-none-eabi/lib/thumb\libg.a(libc_a-fclose.o)
                0x02008398                _fclose_r
 .text.memmove  0x02008470       0xbc C:/devkitPro/devkitARM/bin/../lib/gcc/arm-none-eabi/13.2.0/../../../../arm-none-eabi/lib/thumb\libg.a(libc_a-memmove.o)
                0x02008470                memmove
 .text.__sfvwrite_r
                0x0200852c      0x330 C:/devkitPro/devkitARM/bin/../lib/gcc/arm-none-eabi/13.2.0/../../../../arm-none-eabi/lib/thumb\libg.a(libc_a-fvwrite.o)
                0x0200852c                __sfvwrite_r
 .text._realloc_r
                0x0200885c      0x384 C:/devkitPro/devkitARM/bin/../lib/gcc/arm-none-eabi/13.2.0/../../../../arm-none-eabi/lib/thumb\libg.a(libc_a-reallocr.o)
                0x0200885c                _realloc_r
 .text.strncpy  0x02008be0       0x68 C:/devkitPro/devkitARM/bin/../lib/gcc/arm-none-eabi/13.2.0/../../../../arm-none-eabi/lib/thumb\libg.a(libc_a-strncpy.o)
                0x02008be0                strncpy
 .text.__utf8_mbtowc
                0x02008c48      0x27c C:/devkitPro/devkitARM/bin/../lib/gcc/arm-none-eabi/13.2.0/../../../../arm-none-eabi/lib/thumb\libg.a(libc_a-mbtowc_r.o)
                0x02008c48                __utf8_mbtowc
 .text._localeconv_r
                0x02008ec4       0x1c C:/devkitPro/devkitARM/bin/../lib/gcc/arm-none-eabi/13.2.0/../../../../arm-none-eabi/lib/thumb\libg.a(libc_a-localeconv.o)
                0x02008ec4                _localeconv_r
 .text.memchr   0x02008ee0       0x78 C:/devkitPro/devkitARM/bin/../lib/gcc/arm-none-eabi/13.2.0/../../../../arm-none-eabi/lib/thumb\libg.a(libc_a-memchr-stub.o)
                0x02008ee0                memchr
 .text._wcrtomb_r
                0x02008f58       0x84 C:/devkitPro/devkitARM/bin/../lib/gcc/arm-none-eabi/13.2.0/../../../../arm-none-eabi/lib/thumb\libg.a(libc_a-wcrtomb.o)
                0x02008f58                _wcrtomb_r
 .text._wcsrtombs_r
                0x02008fdc       0x1c C:/devkitPro/devkitARM/bin/../lib/gcc/arm-none-eabi/13.2.0/../../../../arm-none-eabi/lib/thumb\libg.a(libc_a-wcsrtombs.o)
                0x02008fdc                _wcsrtombs_r
 .text._wcsnrtombs_l
                0x02008ff8      0x11c C:/devkitPro/devkitARM/bin/../lib/gcc/arm-none-eabi/13.2.0/../../../../arm-none-eabi/lib/thumb\libg.a(libc_a-wcsnrtombs.o)
                0x02008ff8                _wcsnrtombs_l
 .text._wcsnrtombs_r
                0x02009114       0x40 C:/devkitPro/devkitARM/bin/../lib/gcc/arm-none-eabi/13.2.0/../../../../arm-none-eabi/lib/thumb\libg.a(libc_a-wcsnrtombs.o)
                0x02009114                _wcsnrtombs_r
 .text.build_argv
                0x02009154       0x54 C:/devkitPro/devkitARM/bin/../lib/gcc/arm-none-eabi/13.2.0/../../../../arm-none-eabi/lib/thumb\libsysbase.a(libsysbase_libsysbase_a-build_argv.o)
                0x02009154                build_argv
 .text._fstat_r
                0x020091a8       0x4c C:/devkitPro/devkitARM/bin/../lib/gcc/arm-none-eabi/13.2.0/../../../../arm-none-eabi/lib/thumb\libsysbase.a(libsysbase_libsysbase_a-fstat.o)
                0x020091a8                _fstat_r
 .text.__getreent
                0x020091f4       0x20 C:/devkitPro/devkitARM/bin/../lib/gcc/arm-none-eabi/13.2.0/../../../../arm-none-eabi/lib/thumb\libsysbase.a(libsysbase_libsysbase_a-getreent.o)
                0x020091f4                __getreent
 .text.__get_handle
                0x02009214       0x34 C:/devkitPro/devkitARM/bin/../lib/gcc/arm-none-eabi/13.2.0/../../../../arm-none-eabi/lib/thumb\libsysbase.a(libsysbase_libsysbase_a-handle_manager.o)
                0x02009214                __get_handle
 .text._close_r
                0x02009248       0xb8 C:/devkitPro/devkitARM/bin/../lib/gcc/arm-none-eabi/13.2.0/../../../../arm-none-eabi/lib/thumb\libsysbase.a(libsysbase_libsysbase_a-handle_manager.o)
                0x02009248                _close_r
 .text.null_write
                0x02009300        0x4 C:/devkitPro/devkitARM/bin/../lib/gcc/arm-none-eabi/13.2.0/../../../../arm-none-eabi/lib/thumb\libsysbase.a(libsysbase_libsysbase_a-iosupport.o)
 .text._isatty_r
                0x02009304        0x4 C:/devkitPro/devkitARM/bin/../lib/gcc/arm-none-eabi/13.2.0/../../../../arm-none-eabi/lib/thumb\libsysbase.a(libsysbase_libsysbase_a-isatty.o)
                0x02009304                _isatty_r
 .text._lseek_r
                0x02009308       0x5c C:/devkitPro/devkitARM/bin/../lib/gcc/arm-none-eabi/13.2.0/../../../../arm-none-eabi/lib/thumb\libsysbase.a(libsysbase_libsysbase_a-lseek.o)
                0x02009308                _lseek_r
 .text._read_r  0x02009364       0x50 C:/devkitPro/devkitARM/bin/../lib/gcc/arm-none-eabi/13.2.0/../../../../arm-none-eabi/lib/thumb\libsysbase.a(libsysbase_libsysbase_a-read.o)
                0x02009364                _read_r
 .text._sbrk_r  0x020093b4       0x54 C:/devkitPro/devkitARM/bin/../lib/gcc/arm-none-eabi/13.2.0/../../../../arm-none-eabi/lib/thumb\libsysbase.a(libsysbase_libsysbase_a-sbrk.o)
                0x020093b4                _sbrk_r
 .text.__libc_lock_acquire
                0x02009408       0x18 C:/devkitPro/devkitARM/bin/../lib/gcc/arm-none-eabi/13.2.0/../../../../arm-none-eabi/lib/thumb\libsysbase.a(libsysbase_libsysbase_a-syscall_support.o)
                0x02009408                __libc_lock_acquire
 .text.__libc_lock_release
                0x02009420       0x18 C:/devkitPro/devkitARM/bin/../lib/gcc/arm-none-eabi/13.2.0/../../../../arm-none-eabi/lib/thumb\libsysbase.a(libsysbase_libsysbase_a-syscall_support.o)
                0x02009420                __libc_lock_release
 .text.__libc_lock_acquire_recursive
                0x02009438       0x18 C:/devkitPro/devkitARM/bin/../lib/gcc/arm-none-eabi/13.2.0/../../../../arm-none-eabi/lib/thumb\libsysbase.a(libsysbase_libsysbase_a-syscall_support.o)
                0x02009438                __libc_lock_acquire_recursive
 .text.__libc_lock_release_recursive
                0x02009450       0x18 C:/devkitPro/devkitARM/bin/../lib/gcc/arm-none-eabi/13.2.0/../../../../arm-none-eabi/lib/thumb\libsysbase.a(libsysbase_libsysbase_a-syscall_support.o)
                0x02009450                __libc_lock_release_recursive
 .text._write_r
                0x02009468       0x50 C:/devkitPro/devkitARM/bin/../lib/gcc/arm-none-eabi/13.2.0/../../../../arm-none-eabi/lib/thumb\libsysbase.a(libsysbase_libsysbase_a-write.o)
                0x02009468                _write_r
 .text.__muldi3
                0x020094b8       0x64 C:/devkitPro/devkitARM/bin/../lib/gcc/arm-none-eabi/13.2.0/thumb\libgcc.a(_muldi3.o)
                0x020094b8                __muldi3
                0x020094b8                __aeabi_lmul
 .text.__udivmoddi4
                0x0200951c      0x19c C:/devkitPro/devkitARM/bin/../lib/gcc/arm-none-eabi/13.2.0/thumb\libgcc.a(_udivmoddi4.o)
                0x0200951c                __udivmoddi4
 .text.__udivmoddi4.__stub
                0x020096b8       0x88 linker stubs
 *(EXCLUDE_FILE(*.twl*) .gnu.warning)
 *(EXCLUDE_FILE(*.twl*) .gnu.linkonce.t*)
 *(.glue_7)
 .glue_7        0x02009750        0x0 linker stubs
 *(.glue_7t)
 .glue_7t       0x02009750        0x0 linker stubs
                0x02009750                        . = ALIGN (0x4)

.vfp11_veneer   0x02009750        0x0
 .vfp11_veneer  0x02009750        0x0 linker stubs

.v4_bx          0x02009750        0x0
 .v4_bx         0x02009750        0x0 linker stubs

.iplt           0x02009750        0x0
 .iplt          0x02009750        0x0 C:/devkitPro/devkitARM/bin/../lib/gcc/arm-none-eabi/13.2.0/../../../../arm-none-eabi/lib/thumb/ds_arm9_crt0.o

.fini           0x02009750        0xc
 *(.fini)
 .fini          0x02009750        0x4 C:/devkitPro/devkitARM/bin/../lib/gcc/arm-none-eabi/13.2.0/thumb/crti.o
                0x02009750                _fini
 .fini          0x02009754        0x8 C:/devkitPro/devkitARM/bin/../lib/gcc/arm-none-eabi/13.2.0/thumb/crtn.o
                0x0200975c                        __text_end = .

.rodata         0x0200975c     0x6338
 *(EXCLUDE_FILE(*.twl*) .rodata)
 *all.rodata*(*)
 *(EXCLUDE_FILE(*.twl*) .roda)
 *(EXCLUDE_FILE(*.twl*) .rodata.*)
 .rodata.str1.4
                0x0200975c      0x7fc main.o
                                0x764 (size before relaxing)
 .rodata.SIN_LUT
                0x02009f58      0x102 C:/devkitPro/libnds/lib\libnds9.a(trig.o)
                0x02009f58                SIN_LUT
 .rodata.con_write.str1.4
                0x0200a05a       0x30 C:/devkitPro/libnds/lib\libnds9.a(console.o)
 *fill*         0x0200a05a        0x2 ff
 .rodata.con_write
                0x0200a05c       0xd4 C:/devkitPro/libnds/lib\libnds9.a(console.o)
 .rodata.consoleClear.str1.4
                0x0200a130        0x5 C:/devkitPro/libnds/lib\libnds9.a(console.o)
 .rodata.str1.4
                0x0200a130       0x14 C:/devkitPro/libnds/lib\libnds9.a(console.o)
 .rodata.dotab_stdout
                0x0200a130       0x70 C:/devkitPro/libnds/lib\libnds9.a(console.o)
 .rodata.default_font_bin
                0x0200a1a0     0x2000 C:/devkitPro/libnds/lib\libnds9.a(default_font.bin.o)
                0x0200a1a0                default_font_bin
                0x0200c1a0                default_font_bin_end
 .rodata.basefix.0
                0x0200c1a0       0x22 C:/devkitPro/devkitARM/bin/../lib/gcc/arm-none-eabi/13.2.0/../../../../arm-none-eabi/lib/thumb\libg.a(libc_a-svfiscanf.o)
 .rodata.str1.4
                0x0200c1c2       0x4c C:/devkitPro/devkitARM/bin/../lib/gcc/arm-none-eabi/13.2.0/../../../../arm-none-eabi/lib/thumb\libg.a(libc_a-locale.o)
 .rodata._mbrtowc_r.str1.4
                0x0200c1c2        0x1 C:/devkitPro/devkitARM/bin/../lib/gcc/arm-none-eabi/13.2.0/../../../../arm-none-eabi/lib/thumb\libg.a(libc_a-mbrtowc.o)
 *fill*         0x0200c1c2        0x2 ff
 .rodata._ctype_
                0x0200c1c4      0x101 C:/devkitPro/devkitARM/bin/../lib/gcc/arm-none-eabi/13.2.0/../../../../arm-none-eabi/lib/thumb\libg.a(libc_a-ctype_.o)
                0x0200c1c4                _ctype_
 *fill*         0x0200c2c5        0x3 ff
 .rodata.categories
                0x0200c2c8     0x3528 C:/devkitPro/devkitARM/bin/../lib/gcc/arm-none-eabi/13.2.0/../../../../arm-none-eabi/lib/thumb\libg.a(libc_a-categories.o)
 .rodata._vfiprintf_r.str1.1
                0x0200f7f0       0x29 C:/devkitPro/devkitARM/bin/../lib/gcc/arm-none-eabi/13.2.0/../../../../arm-none-eabi/lib/thumb\libg.a(libc_a-vfiprintf.o)
 *fill*         0x0200f819        0x3 ff
 .rodata.zeroes.0
                0x0200f81c       0x10 C:/devkitPro/devkitARM/bin/../lib/gcc/arm-none-eabi/13.2.0/../../../../arm-none-eabi/lib/thumb\libg.a(libc_a-vfiprintf.o)
 .rodata.blanks.1
                0x0200f82c       0x10 C:/devkitPro/devkitARM/bin/../lib/gcc/arm-none-eabi/13.2.0/../../../../arm-none-eabi/lib/thumb\libg.a(libc_a-vfiprintf.o)
 .rodata.__action_table
                0x0200f83c       0x6c C:/devkitPro/devkitARM/bin/../lib/gcc/arm-none-eabi/13.2.0/../../../../arm-none-eabi/lib/thumb\libg.a(libc_a-svfiprintf.o)
                0x0200f83c                __action_table
 .rodata.__state_table
                0x0200f8a8       0x6c C:/devkitPro/devkitARM/bin/../lib/gcc/arm-none-eabi/13.2.0/../../../../arm-none-eabi/lib/thumb\libg.a(libc_a-svfiprintf.o)
                0x0200f8a8                __state_table
 .rodata.__chclass
                0x0200f914      0x100 C:/devkitPro/devkitARM/bin/../lib/gcc/arm-none-eabi/13.2.0/../../../../arm-none-eabi/lib/thumb\libg.a(libc_a-svfiprintf.o)
                0x0200f914                __chclass
 .rodata.AddDevice.str1.4
                0x0200fa14        0x8 C:/devkitPro/devkitARM/bin/../lib/gcc/arm-none-eabi/13.2.0/../../../../arm-none-eabi/lib/thumb\libsysbase.a(libsysbase_libsysbase_a-iosupport.o)
 .rodata.dotab_stdnull
                0x0200fa14       0x80 C:/devkitPro/devkitARM/bin/../lib/gcc/arm-none-eabi/13.2.0/../../../../arm-none-eabi/lib/thumb\libsysbase.a(libsysbase_libsysbase_a-iosupport.o)
                0x0200fa14                dotab_stdnull
 *(EXCLUDE_FILE(*.twl*) .gnu.linkonce.r*)
                0x0200fa94                        . = ALIGN (0x4)

.ARM.extab
 *(.ARM.extab* .gnu.linkonce.armextab.*)
                0x0200fa94                        __exidx_start = .

ARM.exidx
 *(.ARM.exidx* .gnu.linkonce.armexidx.*)
                0x0200fa94                        __exidx_end = .
                0x0200fa94                        . = ALIGN (0x4)
                0x0200fa94                        PROVIDE (__preinit_array_start = .)

.preinit_array
 *(.preinit_array)
                0x0200fa94                        PROVIDE (__preinit_array_end = .)
                0x0200fa94                        PROVIDE (__init_array_start = .)

.init_array     0x0200fa94        0x4
 *(SORT_BY_NAME(.init_array.*))
 *(.init_array)
 .init_array    0x0200fa94        0x4 C:/devkitPro/devkitARM/bin/../lib/gcc/arm-none-eabi/13.2.0/thumb/crtbegin.o
                0x0200fa98                        PROVIDE (__init_array_end = .)
                [!provide]                        PROVIDE (__fini_array_start = .)

.fini_array     0x0200fa98        0x4
 *(.fini_array)
 .fini_array    0x0200fa98        0x4 C:/devkitPro/devkitARM/bin/../lib/gcc/arm-none-eabi/13.2.0/thumb/crtbegin.o
 *(SORT_BY_NAME(.fini_array.*))
                [!provide]                        PROVIDE (__fini_array_end = .)

.ctors          0x0200fa9c        0x0
 *crtbegin.o(.ctors)
 *(EXCLUDE_FILE(*crtend.o) .ctors)
 *(SORT_BY_NAME(.ctors.*))
 *(.ctors)
                0x0200fa9c                        . = ALIGN (0x4)

.dtors          0x0200fa9c        0x0
 *crtbegin.o(.dtors)
 *(EXCLUDE_FILE(*crtend.o) .dtors)
 *(SORT_BY_NAME(.dtors.*))
 *(.dtors)
                0x0200fa9c                        . = ALIGN (0x4)

.eh_frame       0x0200fa9c        0x4
 *(.eh_frame)
 .eh_frame      0x0200fa9c        0x0 C:/devkitPro/devkitARM/bin/../lib/gcc/arm-none-eabi/13.2.0/thumb/crtbegin.o
 .eh_frame      0x0200fa9c        0x4 C:/devkitPro/devkitARM/bin/../lib/gcc/arm-none-eabi/13.2.0/thumb/crtend.o
                0x0200faa0                        . = ALIGN (0x4)

.rel.dyn        0x0200faa0        0x0
 .rel.iplt      0x0200faa0        0x0 C:/devkitPro/devkitARM/bin/../lib/gcc/arm-none-eabi/13.2.0/../../../../arm-none-eabi/lib/thumb/ds_arm9_crt0.o

.gcc_except_table
                0x0200faa0        0x0
 *(.gcc_except_table)
                0x0200faa0                        . = ALIGN (0x4)

.jcr
 *(.jcr)

.got
 *(.got.plt)
 *(.got)
 *(.rel.got)

.ewram          0x0200faa0        0x0
                0x0200faa0                        __ewram_start = ABSOLUTE (.)
 *(.ewram)
 *ewram.*(.text)
                0x0200faa0                        . = ALIGN (0x4)

.data           0x0200faa0     0x1978
                0x0200faa0                        __data_start = ABSOLUTE (.)
 *(EXCLUDE_FILE(*.twl*) .data)
 .data          0x0200faa0      0x11c main.o
                0x0200faa0                jokes
 .data          0x0200fbbc       0x28 C:/devkitPro/libnds/lib\libnds9.a(mpu_setup.o)
 *(EXCLUDE_FILE(*.twl*) .data.*)
 .data.bgControl
                0x0200fbe4       0x20 C:/devkitPro/libnds/lib\libnds9.a(background.o)
                0x0200fbe4                bgControl
 .data.bgScrollTable
                0x0200fc04       0x20 C:/devkitPro/libnds/lib\libnds9.a(background.o)
                0x0200fc04                bgScrollTable
 .data.bgTransform
                0x0200fc24       0x20 C:/devkitPro/libnds/lib\libnds9.a(background.o)
                0x0200fc24                bgTransform
 .data.currentConsole
                0x0200fc44        0x4 C:/devkitPro/libnds/lib\libnds9.a(console.o)
                0x0200fc44                currentConsole
 .data.defaultConsole
                0x0200fc48       0x5c C:/devkitPro/libnds/lib\libnds9.a(console.o)
                0x0200fc48                defaultConsole
 .data.firstConsoleInit.0
                0x0200fca4        0x1 C:/devkitPro/libnds/lib\libnds9.a(console.o)
 .data.count    0x0200fca5        0x1 C:/devkitPro/libnds/lib\libnds9.a(keys.o)
 .data.delay    0x0200fca6        0x1 C:/devkitPro/libnds/lib\libnds9.a(keys.o)
 .data.repeat   0x0200fca7        0x1 C:/devkitPro/libnds/lib\libnds9.a(keys.o)
 .data.fifo_buffer_free
                0x0200fca8        0x4 C:/devkitPro/libnds/lib\libnds9.a(fifosystem.o)
                0x0200fca8                fifo_buffer_free
 .data.fifo_freewords
                0x0200fcac        0x4 C:/devkitPro/libnds/lib\libnds9.a(fifosystem.o)
                0x0200fcac                fifo_freewords
 .data.fifo_receive_queue
                0x0200fcb0        0x4 C:/devkitPro/libnds/lib\libnds9.a(fifosystem.o)
                0x0200fcb0                fifo_receive_queue
 .data.fifo_send_queue
                0x0200fcb4        0x4 C:/devkitPro/libnds/lib\libnds9.a(fifosystem.o)
                0x0200fcb4                fifo_send_queue
 .data.__malloc_sbrk_base
                0x0200fcb8        0x4 C:/devkitPro/devkitARM/bin/../lib/gcc/arm-none-eabi/13.2.0/../../../../arm-none-eabi/lib/thumb\libg.a(libc_a-mallocr.o)
                0x0200fcb8                __malloc_sbrk_base
 .data.__malloc_trim_threshold
                0x0200fcbc        0x4 C:/devkitPro/devkitARM/bin/../lib/gcc/arm-none-eabi/13.2.0/../../../../arm-none-eabi/lib/thumb\libg.a(libc_a-mallocr.o)
                0x0200fcbc                __malloc_trim_threshold
 *fill*         0x0200fcc0        0x0 ff
 .data.__malloc_av_
                0x0200fcc0      0x408 C:/devkitPro/devkitARM/bin/../lib/gcc/arm-none-eabi/13.2.0/../../../../arm-none-eabi/lib/thumb\libg.a(libc_a-mallocr.o)
                0x0200fcc0                __malloc_av_
 .data.__sglue  0x020100c8        0xc C:/devkitPro/devkitARM/bin/../lib/gcc/arm-none-eabi/13.2.0/../../../../arm-none-eabi/lib/thumb\libg.a(libc_a-findfp.o)
                0x020100c8                __sglue
 .data.__global_locale
                0x020100d4      0x16c C:/devkitPro/devkitARM/bin/../lib/gcc/arm-none-eabi/13.2.0/../../../../arm-none-eabi/lib/thumb\libg.a(libc_a-locale.o)
                0x020100d4                __global_locale
 .data._impure_ptr
                0x02010240        0x4 C:/devkitPro/devkitARM/bin/../lib/gcc/arm-none-eabi/13.2.0/../../../../arm-none-eabi/lib/thumb\libg.a(libc_a-impure.o)
                0x02010240                _impure_ptr
 *fill*         0x02010244        0x4 ff
 .data._impure_data
                0x02010248      0x120 C:/devkitPro/devkitARM/bin/../lib/gcc/arm-none-eabi/13.2.0/../../../../arm-none-eabi/lib/thumb\libg.a(libc_a-impure.o)
                0x02010248                _impure_data
 .data.handles  0x02010368     0x1000 C:/devkitPro/devkitARM/bin/../lib/gcc/arm-none-eabi/13.2.0/../../../../arm-none-eabi/lib/thumb\libsysbase.a(libsysbase_libsysbase_a-handle_manager.o)
 .data.__stderr_handle
                0x02011368        0xc C:/devkitPro/devkitARM/bin/../lib/gcc/arm-none-eabi/13.2.0/../../../../arm-none-eabi/lib/thumb\libsysbase.a(libsysbase_libsysbase_a-handle_manager.o)
 .data.__stdout_handle
                0x02011374        0xc C:/devkitPro/devkitARM/bin/../lib/gcc/arm-none-eabi/13.2.0/../../../../arm-none-eabi/lib/thumb\libsysbase.a(libsysbase_libsysbase_a-handle_manager.o)
 .data.__stdin_handle
                0x02011380        0xc C:/devkitPro/devkitARM/bin/../lib/gcc/arm-none-eabi/13.2.0/../../../../arm-none-eabi/lib/thumb\libsysbase.a(libsysbase_libsysbase_a-handle_manager.o)
 .data.devoptab_list
                0x0201138c       0x8c C:/devkitPro/devkitARM/bin/../lib/gcc/arm-none-eabi/13.2.0/../../../../arm-none-eabi/lib/thumb\libsysbase.a(libsysbase_libsysbase_a-iosupport.o)
                0x0201138c                devoptab_list
 *(EXCLUDE_FILE(*.twl*) .gnu.linkonce.d*)
                0x02011418                        . = ALIGN (0x4)
                0x02011418                        __data_end = ABSOLUTE (.)
                0x02011418                        __bss_vma = .

.igot.plt       0x02011418        0x0
 .igot.plt      0x02011418        0x0 C:/devkitPro/devkitARM/bin/../lib/gcc/arm-none-eabi/13.2.0/../../../../arm-none-eabi/lib/thumb/ds_arm9_crt0.o

.dtcm           0x02ff0000        0x0 load address 0x02011418
                0x02011418                        __dtcm_lma = LOADADDR (.dtcm)
                0x02ff0000                        __dtcm_start = ABSOLUTE (.)
 *(.dtcm)
 *(.dtcm.*)
                0x02ff0000                        . = ALIGN (0x4)
                0x02ff0000                        __dtcm_end = ABSOLUTE (.)

.itcm           0x01000100      0x194 load address 0x02011418
                0x02011418                        __itcm_lma = LOADADDR (.itcm)
                0x01000100                        __itcm_start = ABSOLUTE (.)
 *(.itcm)
 .itcm          0x01000100       0xc8 C:/devkitPro/libnds/lib\libnds9.a(interrupts.o)
                0x01000100                irqTable
 .itcm          0x010001c8       0xcc C:/devkitPro/libnds/lib\libnds9.a(interruptDispatcher.o)
                0x010001c8                IntrMain
 *.itcm*(.text .stub .text.*)
                0x01000294                        . = ALIGN (0x4)
                0x01000294                        __itcm_end = ABSOLUTE (.)

.vectors        0x01000000        0x0 load address 0x020115ac
                0x020115ac                        __vectors_lma = LOADADDR (.vectors)
                0x01000000                        __vectors_start = ABSOLUTE (.)
 *(.vectors .vectors.*)
                0x01000000                        . = ALIGN (0x4)
                0x01000000                        __vectors_end = ABSOLUTE (.)

.sbss           0x02ff0000        0x0
                0x02ff0000                        __sbss_start = ABSOLUTE (.)
                0x02ff0000                        __sbss_start__ = ABSOLUTE (.)
 *(.sbss)
                0x02ff0000                        . = ALIGN (0x4)
                0x02ff0000                        __sbss_end = ABSOLUTE (.)

.bss            0x02011418      0xddc
                0x02011418                        __bss_start = ABSOLUTE (.)
                0x02011418                        __bss_start__ = ABSOLUTE (.)
 *(EXCLUDE_FILE(*.twl*) .dynbss)
 *(EXCLUDE_FILE(*.twl*) .gnu.linkonce.b*)
 *(EXCLUDE_FILE(*.twl*) .bss*)
 .bss.completed.1
                0x02011418        0x1 C:/devkitPro/devkitARM/bin/../lib/gcc/arm-none-eabi/13.2.0/thumb/crtbegin.o
 *fill*         0x02011419        0x3 
 .bss.object.0  0x0201141c       0x18 C:/devkitPro/devkitARM/bin/../lib/gcc/arm-none-eabi/13.2.0/thumb/crtbegin.o
 .bss.bgIsTextLut
                0x02011434        0x8 C:/devkitPro/libnds/lib\libnds9.a(background.o)
                0x02011434                bgIsTextLut
 .bss.bgState   0x0201143c      0x140 C:/devkitPro/libnds/lib\libnds9.a(background.o)
                0x0201143c                bgState
 .bss.currentCopy
                0x0201157c       0x5c C:/devkitPro/libnds/lib\libnds9.a(console.o)
                0x0201157c                currentCopy
 .bss.keys      0x020115d8        0x2 C:/devkitPro/libnds/lib\libnds9.a(keys.o)
 .bss.keysold   0x020115da        0x2 C:/devkitPro/libnds/lib\libnds9.a(keys.o)
 .bss.keysrepeat
                0x020115dc        0x2 C:/devkitPro/libnds/lib\libnds9.a(keys.o)
 .bss.__dsimode
                0x020115de        0x1 C:/devkitPro/libnds/lib\libnds9.a(initSystem.o)
                0x020115de                __dsimode
 *fill*         0x020115df        0x1 
 .bss.punixTime
                0x020115e0        0x4 C:/devkitPro/libnds/lib\libnds9.a(initSystem.o)
                0x020115e0                punixTime
 .bss.fifo_address_data
                0x020115e4       0x40 C:/devkitPro/libnds/lib\libnds9.a(fifosystem.o)
                0x020115e4                fifo_address_data
 .bss.fifo_address_func
                0x02011624       0x40 C:/devkitPro/libnds/lib\libnds9.a(fifosystem.o)
                0x02011624                fifo_address_func
 .bss.fifo_address_queue
                0x02011664       0x40 C:/devkitPro/libnds/lib\libnds9.a(fifosystem.o)
                0x02011664                fifo_address_queue
 .bss.fifo_buffer
                0x020116a4      0x800 C:/devkitPro/libnds/lib\libnds9.a(fifosystem.o)
                0x020116a4                fifo_buffer
 .bss.fifo_data_queue
                0x02011ea4       0x40 C:/devkitPro/libnds/lib\libnds9.a(fifosystem.o)
                0x02011ea4                fifo_data_queue
 .bss.fifo_datamsg_data
                0x02011ee4       0x40 C:/devkitPro/libnds/lib\libnds9.a(fifosystem.o)
                0x02011ee4                fifo_datamsg_data
 .bss.fifo_datamsg_func
                0x02011f24       0x40 C:/devkitPro/libnds/lib\libnds9.a(fifosystem.o)
                0x02011f24                fifo_datamsg_func
 .bss.fifo_value32_data
                0x02011f64       0x40 C:/devkitPro/libnds/lib\libnds9.a(fifosystem.o)
                0x02011f64                fifo_value32_data
 .bss.fifo_value32_func
                0x02011fa4       0x40 C:/devkitPro/libnds/lib\libnds9.a(fifosystem.o)
                0x02011fa4                fifo_value32_func
 .bss.fifo_value32_queue
                0x02011fe4       0x40 C:/devkitPro/libnds/lib\libnds9.a(fifosystem.o)
                0x02011fe4                fifo_value32_queue
 .bss.processing
                0x02012024        0x4 C:/devkitPro/libnds/lib\libnds9.a(fifosystem.o)
                0x02012024                processing
 .bss.SDcallback
                0x02012028        0x4 C:/devkitPro/libnds/lib\libnds9.a(system.o)
 .bss.__malloc_current_mallinfo
                0x0201202c       0x28 C:/devkitPro/devkitARM/bin/../lib/gcc/arm-none-eabi/13.2.0/../../../../arm-none-eabi/lib/thumb\libg.a(libc_a-mallocr.o)
                0x0201202c                __malloc_current_mallinfo
 .bss.__malloc_max_total_mem
                0x02012054        0x4 C:/devkitPro/devkitARM/bin/../lib/gcc/arm-none-eabi/13.2.0/../../../../arm-none-eabi/lib/thumb\libg.a(libc_a-mallocr.o)
                0x02012054                __malloc_max_total_mem
 .bss.__malloc_max_sbrked_mem
                0x02012058        0x4 C:/devkitPro/devkitARM/bin/../lib/gcc/arm-none-eabi/13.2.0/../../../../arm-none-eabi/lib/thumb\libg.a(libc_a-mallocr.o)
                0x02012058                __malloc_max_sbrked_mem
 .bss.__malloc_top_pad
                0x0201205c        0x4 C:/devkitPro/devkitARM/bin/../lib/gcc/arm-none-eabi/13.2.0/../../../../arm-none-eabi/lib/thumb\libg.a(libc_a-mallocr.o)
                0x0201205c                __malloc_top_pad
 .bss.__malloc_recursive_mutex
                0x02012060        0xc C:/devkitPro/devkitARM/bin/../lib/gcc/arm-none-eabi/13.2.0/../../../../arm-none-eabi/lib/thumb\libg.a(libc_a-mlock.o)
 .bss.__sfp_recursive_mutex
                0x0201206c        0xc C:/devkitPro/devkitARM/bin/../lib/gcc/arm-none-eabi/13.2.0/../../../../arm-none-eabi/lib/thumb\libg.a(libc_a-findfp.o)
 .bss.__sf      0x02012078      0x168 C:/devkitPro/devkitARM/bin/../lib/gcc/arm-none-eabi/13.2.0/../../../../arm-none-eabi/lib/thumb\libg.a(libc_a-findfp.o)
                0x02012078                __sf
 .bss.__stdio_exit_handler
                0x020121e0        0x4 C:/devkitPro/devkitARM/bin/../lib/gcc/arm-none-eabi/13.2.0/../../../../arm-none-eabi/lib/thumb\libg.a(libc_a-findfp.o)
                0x020121e0                __stdio_exit_handler
 .bss.__hndl_lock
                0x020121e4        0x4 C:/devkitPro/devkitARM/bin/../lib/gcc/arm-none-eabi/13.2.0/../../../../arm-none-eabi/lib/thumb\libsysbase.a(libsysbase_libsysbase_a-handle_manager.o)
 .bss.fake_heap_start
                0x020121e8        0x4 C:/devkitPro/devkitARM/bin/../lib/gcc/arm-none-eabi/13.2.0/../../../../arm-none-eabi/lib/thumb\libsysbase.a(libsysbase_libsysbase_a-malloc_vars.o)
                0x020121e8                fake_heap_start
 .bss.fake_heap_end
                0x020121ec        0x4 C:/devkitPro/devkitARM/bin/../lib/gcc/arm-none-eabi/13.2.0/../../../../arm-none-eabi/lib/thumb\libsysbase.a(libsysbase_libsysbase_a-malloc_vars.o)
                0x020121ec                fake_heap_end
 .bss.heap_start.0
                0x020121f0        0x4 C:/devkitPro/devkitARM/bin/../lib/gcc/arm-none-eabi/13.2.0/../../../../arm-none-eabi/lib/thumb\libsysbase.a(libsysbase_libsysbase_a-sbrk.o)
 *(EXCLUDE_FILE(*.twl*) COMMON)
                0x020121f4                        . = ALIGN (0x4)
                0x020121f4                        __bss_end__ = ABSOLUTE (.)
                0x020121f4                        __end__ = ABSOLUTE (.)

.twl            0x020121f4        0x0 load address 0x02400000
                0x02400000                        __arm9i_lma__ = LOADADDR (.twl)
                0x020121f4                        __arm9i_start__ = ABSOLUTE (.)
 *(.twl)
 *.twl*(.text .stub .text.* .gnu.linkonce.t.*)
 *.twl*(.rodata)
 *.twl*(.roda)
 *.twl*(.rodata.*)
 *.twl*(.data)
 *.twl*(.data.*)
 *.twl*(.gnu.linkonce.d*)
                0x020121f4                        __arm9i_end__ = ABSOLUTE (.)

.twl_bss        0x020121f4        0x0
                0x020121f4                        __twl_bss_start__ = ABSOLUTE (.)
 *(.twl_bss)
 *.twl*(.dynbss)
 *.twl*(.gnu.linkonce.b*)
 *.twl*(.bss*)
 *.twl*(COMMON)
                0x020121f4                        . = ALIGN (0x4)
                0x020121f4                        __twl_bss_end__ = ABSOLUTE (.)
                0x020121f4                        __twl_end__ = ABSOLUTE (.)

.stab
 *(.stab)

.stabstr
 *(.stabstr)

.stab.excl
 *(.stab.excl)

.stab.exclstr
 *(.stab.exclstr)

.stab.index
 *(.stab.index)

.stab.indexstr
 *(.stab.indexstr)

.comment        0x00000000       0x46
 *(.comment)
 .comment       0x00000000       0x46 C:/devkitPro/devkitARM/bin/../lib/gcc/arm-none-eabi/13.2.0/thumb/crtbegin.o
                                 0x24 (size before relaxing)
 .comment       0x00000046       0x24 main.o
 .comment       0x00000046       0x24 C:/devkitPro/libnds/lib\libnds9.a(background.o)
 .comment       0x00000046       0x24 C:/devkitPro/libnds/lib\libnds9.a(trig.o)
 .comment       0x00000046       0x24 C:/devkitPro/libnds/lib\libnds9.a(console.o)
 .comment       0x00000046       0x24 C:/devkitPro/libnds/lib\libnds9.a(keys.o)
 .comment       0x00000046       0x24 C:/devkitPro/libnds/lib\libnds9.a(initSystem.o)
 .comment       0x00000046       0x24 C:/devkitPro/libnds/lib\libnds9.a(securearea.o)
 .comment       0x00000046       0x24 C:/devkitPro/libnds/lib\libnds9.a(interrupts.o)
 .comment       0x00000046       0x24 C:/devkitPro/libnds/lib\libnds9.a(libnds_exit.arm.o)
 .comment       0x00000046       0x24 C:/devkitPro/libnds/lib\libnds9.a(fifosystem.o)
 .comment       0x00000046       0x24 C:/devkitPro/libnds/lib\libnds9.a(video.o)
 .comment       0x00000046       0x24 C:/devkitPro/libnds/lib\libnds9.a(system.o)
 .comment       0x00000046       0x24 C:/devkitPro/devkitARM/bin/../lib/gcc/arm-none-eabi/13.2.0/../../../../arm-none-eabi/lib/thumb\libg.a(libc_a-siscanf.o)
 .comment       0x00000046       0x24 C:/devkitPro/devkitARM/bin/../lib/gcc/arm-none-eabi/13.2.0/../../../../arm-none-eabi/lib/thumb\libg.a(libc_a-setvbuf.o)
 .comment       0x00000046       0x24 C:/devkitPro/devkitARM/bin/../lib/gcc/arm-none-eabi/13.2.0/../../../../arm-none-eabi/lib/thumb\libg.a(libc_a-svfiscanf.o)
 .comment       0x00000046       0x24 C:/devkitPro/devkitARM/bin/../lib/gcc/arm-none-eabi/13.2.0/../../../../arm-none-eabi/lib/thumb\libg.a(libc_a-freer.o)
 .comment       0x00000046       0x24 C:/devkitPro/devkitARM/bin/../lib/gcc/arm-none-eabi/13.2.0/../../../../arm-none-eabi/lib/thumb\libg.a(libc_a-iprintf.o)
 .comment       0x00000046       0x24 C:/devkitPro/devkitARM/bin/../lib/gcc/arm-none-eabi/13.2.0/../../../../arm-none-eabi/lib/thumb\libg.a(libc_a-malloc.o)
 .comment       0x00000046       0x24 C:/devkitPro/devkitARM/bin/../lib/gcc/arm-none-eabi/13.2.0/../../../../arm-none-eabi/lib/thumb\libg.a(libc_a-mallocr.o)
 .comment       0x00000046       0x24 C:/devkitPro/devkitARM/bin/../lib/gcc/arm-none-eabi/13.2.0/../../../../arm-none-eabi/lib/thumb\libg.a(libc_a-memset.o)
 .comment       0x00000046       0x24 C:/devkitPro/devkitARM/bin/../lib/gcc/arm-none-eabi/13.2.0/../../../../arm-none-eabi/lib/thumb\libg.a(libc_a-mlock.o)
 .comment       0x00000046       0x24 C:/devkitPro/devkitARM/bin/../lib/gcc/arm-none-eabi/13.2.0/../../../../arm-none-eabi/lib/thumb\libg.a(libc_a-strlen.o)
 .comment       0x00000046       0x24 C:/devkitPro/devkitARM/bin/../lib/gcc/arm-none-eabi/13.2.0/../../../../arm-none-eabi/lib/thumb\libg.a(libc_a-fflush.o)
 .comment       0x00000046       0x24 C:/devkitPro/devkitARM/bin/../lib/gcc/arm-none-eabi/13.2.0/../../../../arm-none-eabi/lib/thumb\libg.a(libc_a-fwalk.o)
 .comment       0x00000046       0x24 C:/devkitPro/devkitARM/bin/../lib/gcc/arm-none-eabi/13.2.0/../../../../arm-none-eabi/lib/thumb\libg.a(libc_a-findfp.o)
 .comment       0x00000046       0x24 C:/devkitPro/devkitARM/bin/../lib/gcc/arm-none-eabi/13.2.0/../../../../arm-none-eabi/lib/thumb\libg.a(libc_a-strtol.o)
 .comment       0x00000046       0x24 C:/devkitPro/devkitARM/bin/../lib/gcc/arm-none-eabi/13.2.0/../../../../arm-none-eabi/lib/thumb\libg.a(libc_a-realloc.o)
 .comment       0x00000046       0x24 C:/devkitPro/devkitARM/bin/../lib/gcc/arm-none-eabi/13.2.0/../../../../arm-none-eabi/lib/thumb\libg.a(libc_a-strtoul.o)
 .comment       0x00000046       0x24 C:/devkitPro/devkitARM/bin/../lib/gcc/arm-none-eabi/13.2.0/../../../../arm-none-eabi/lib/thumb\libg.a(libc_a-locale.o)
 .comment       0x00000046       0x24 C:/devkitPro/devkitARM/bin/../lib/gcc/arm-none-eabi/13.2.0/../../../../arm-none-eabi/lib/thumb\libg.a(libc_a-wctomb_r.o)
 .comment       0x00000046       0x24 C:/devkitPro/devkitARM/bin/../lib/gcc/arm-none-eabi/13.2.0/../../../../arm-none-eabi/lib/thumb\libg.a(libc_a-memcpy-stub.o)
 .comment       0x00000046       0x24 C:/devkitPro/devkitARM/bin/../lib/gcc/arm-none-eabi/13.2.0/../../../../arm-none-eabi/lib/thumb\libg.a(libc_a-impure.o)
 .comment       0x00000046       0x24 C:/devkitPro/devkitARM/bin/../lib/gcc/arm-none-eabi/13.2.0/../../../../arm-none-eabi/lib/thumb\libg.a(libc_a-init.o)
 .comment       0x00000046       0x24 C:/devkitPro/devkitARM/bin/../lib/gcc/arm-none-eabi/13.2.0/../../../../arm-none-eabi/lib/thumb\libg.a(libc_a-errno.o)
 .comment       0x00000046       0x24 C:/devkitPro/devkitARM/bin/../lib/gcc/arm-none-eabi/13.2.0/../../../../arm-none-eabi/lib/thumb\libg.a(libc_a-strtoll.o)
 .comment       0x00000046       0x24 C:/devkitPro/devkitARM/bin/../lib/gcc/arm-none-eabi/13.2.0/../../../../arm-none-eabi/lib/thumb\libg.a(libc_a-strtoull.o)
 .comment       0x00000046       0x24 C:/devkitPro/devkitARM/bin/../lib/gcc/arm-none-eabi/13.2.0/../../../../arm-none-eabi/lib/thumb\libg.a(libc_a-iswspace.o)
 .comment       0x00000046       0x24 C:/devkitPro/devkitARM/bin/../lib/gcc/arm-none-eabi/13.2.0/../../../../arm-none-eabi/lib/thumb\libg.a(libc_a-mbrtowc.o)
 .comment       0x00000046       0x24 C:/devkitPro/devkitARM/bin/../lib/gcc/arm-none-eabi/13.2.0/../../../../arm-none-eabi/lib/thumb\libg.a(libc_a-makebuf.o)
 .comment       0x00000046       0x24 C:/devkitPro/devkitARM/bin/../lib/gcc/arm-none-eabi/13.2.0/../../../../arm-none-eabi/lib/thumb\libg.a(libc_a-iswspace_l.o)
 .comment       0x00000046       0x24 C:/devkitPro/devkitARM/bin/../lib/gcc/arm-none-eabi/13.2.0/../../../../arm-none-eabi/lib/thumb\libg.a(libc_a-ctype_.o)
 .comment       0x00000046       0x24 C:/devkitPro/devkitARM/bin/../lib/gcc/arm-none-eabi/13.2.0/../../../../arm-none-eabi/lib/thumb\libg.a(libc_a-sccl.o)
 .comment       0x00000046       0x24 C:/devkitPro/devkitARM/bin/../lib/gcc/arm-none-eabi/13.2.0/../../../../arm-none-eabi/lib/thumb\libg.a(libc_a-ungetc.o)
 .comment       0x00000046       0x24 C:/devkitPro/devkitARM/bin/../lib/gcc/arm-none-eabi/13.2.0/../../../../arm-none-eabi/lib/thumb\libg.a(libc_a-stdio.o)
 .comment       0x00000046       0x24 C:/devkitPro/devkitARM/bin/../lib/gcc/arm-none-eabi/13.2.0/../../../../arm-none-eabi/lib/thumb\libg.a(libc_a-categories.o)
 .comment       0x00000046       0x24 C:/devkitPro/devkitARM/bin/../lib/gcc/arm-none-eabi/13.2.0/../../../../arm-none-eabi/lib/thumb\libg.a(libc_a-vfiprintf.o)
 .comment       0x00000046       0x24 C:/devkitPro/devkitARM/bin/../lib/gcc/arm-none-eabi/13.2.0/../../../../arm-none-eabi/lib/thumb\libg.a(libc_a-svfiprintf.o)
 .comment       0x00000046       0x24 C:/devkitPro/devkitARM/bin/../lib/gcc/arm-none-eabi/13.2.0/../../../../arm-none-eabi/lib/thumb\libg.a(libc_a-wsetup.o)
 .comment       0x00000046       0x24 C:/devkitPro/devkitARM/bin/../lib/gcc/arm-none-eabi/13.2.0/../../../../arm-none-eabi/lib/thumb\libg.a(libc_a-fclose.o)
 .comment       0x00000046       0x24 C:/devkitPro/devkitARM/bin/../lib/gcc/arm-none-eabi/13.2.0/../../../../arm-none-eabi/lib/thumb\libg.a(libc_a-memmove.o)
 .comment       0x00000046       0x24 C:/devkitPro/devkitARM/bin/../lib/gcc/arm-none-eabi/13.2.0/../../../../arm-none-eabi/lib/thumb\libg.a(libc_a-fvwrite.o)
 .comment       0x00000046       0x24 C:/devkitPro/devkitARM/bin/../lib/gcc/arm-none-eabi/13.2.0/../../../../arm-none-eabi/lib/thumb\libg.a(libc_a-reallocr.o)
 .comment       0x00000046       0x24 C:/devkitPro/devkitARM/bin/../lib/gcc/arm-none-eabi/13.2.0/../../../../arm-none-eabi/lib/thumb\libg.a(libc_a-strncpy.o)
 .comment       0x00000046       0x24 C:/devkitPro/devkitARM/bin/../lib/gcc/arm-none-eabi/13.2.0/../../../../arm-none-eabi/lib/thumb\libg.a(libc_a-mbtowc_r.o)
 .comment       0x00000046       0x24 C:/devkitPro/devkitARM/bin/../lib/gcc/arm-none-eabi/13.2.0/../../../../arm-none-eabi/lib/thumb\libg.a(libc_a-localeconv.o)
 .comment       0x00000046       0x24 C:/devkitPro/devkitARM/bin/../lib/gcc/arm-none-eabi/13.2.0/../../../../arm-none-eabi/lib/thumb\libg.a(libc_a-memchr-stub.o)
 .comment       0x00000046       0x24 C:/devkitPro/devkitARM/bin/../lib/gcc/arm-none-eabi/13.2.0/../../../../arm-none-eabi/lib/thumb\libg.a(libc_a-wcrtomb.o)
 .comment       0x00000046       0x24 C:/devkitPro/devkitARM/bin/../lib/gcc/arm-none-eabi/13.2.0/../../../../arm-none-eabi/lib/thumb\libg.a(libc_a-wcsrtombs.o)
 .comment       0x00000046       0x24 C:/devkitPro/devkitARM/bin/../lib/gcc/arm-none-eabi/13.2.0/../../../../arm-none-eabi/lib/thumb\libg.a(libc_a-wcsnrtombs.o)
 .comment       0x00000046       0x24 C:/devkitPro/devkitARM/bin/../lib/gcc/arm-none-eabi/13.2.0/../../../../arm-none-eabi/lib/thumb\libsysbase.a(libsysbase_libsysbase_a-build_argv.o)
 .comment       0x00000046       0x24 C:/devkitPro/devkitARM/bin/../lib/gcc/arm-none-eabi/13.2.0/../../../../arm-none-eabi/lib/thumb\libsysbase.a(libsysbase_libsysbase_a-fstat.o)
 .comment       0x00000046       0x24 C:/devkitPro/devkitARM/bin/../lib/gcc/arm-none-eabi/13.2.0/../../../../arm-none-eabi/lib/thumb\libsysbase.a(libsysbase_libsysbase_a-getreent.o)
 .comment       0x00000046       0x24 C:/devkitPro/devkitARM/bin/../lib/gcc/arm-none-eabi/13.2.0/../../../../arm-none-eabi/lib/thumb\libsysbase.a(libsysbase_libsysbase_a-handle_manager.o)
 .comment       0x00000046       0x24 C:/devkitPro/devkitARM/bin/../lib/gcc/arm-none-eabi/13.2.0/../../../../arm-none-eabi/lib/thumb\libsysbase.a(libsysbase_libsysbase_a-iosupport.o)
 .comment       0x00000046       0x24 C:/devkitPro/devkitARM/bin/../lib/gcc/arm-none-eabi/13.2.0/../../../../arm-none-eabi/lib/thumb\libsysbase.a(libsysbase_libsysbase_a-isatty.o)
 .comment       0x00000046       0x24 C:/devkitPro/devkitARM/bin/../lib/gcc/arm-none-eabi/13.2.0/../../../../arm-none-eabi/lib/thumb\libsysbase.a(libsysbase_libsysbase_a-lseek.o)
 .comment       0x00000046       0x24 C:/devkitPro/devkitARM/bin/../lib/gcc/arm-none-eabi/13.2.0/../../../../arm-none-eabi/lib/thumb\libsysbase.a(libsysbase_libsysbase_a-malloc_vars.o)
 .comment       0x00000046       0x24 C:/devkitPro/devkitARM/bin/../lib/gcc/arm-none-eabi/13.2.0/../../../../arm-none-eabi/lib/thumb\libsysbase.a(libsysbase_libsysbase_a-read.o)
 .comment       0x00000046       0x24 C:/devkitPro/devkitARM/bin/../lib/gcc/arm-none-eabi/13.2.0/../../../../arm-none-eabi/lib/thumb\libsysbase.a(libsysbase_libsysbase_a-sbrk.o)
 .comment       0x00000046       0x24 C:/devkitPro/devkitARM/bin/../lib/gcc/arm-none-eabi/13.2.0/../../../../arm-none-eabi/lib/thumb\libsysbase.a(libsysbase_libsysbase_a-syscall_support.o)
 .comment       0x00000046       0x24 C:/devkitPro/devkitARM/bin/../lib/gcc/arm-none-eabi/13.2.0/../../../../arm-none-eabi/lib/thumb\libsysbase.a(libsysbase_libsysbase_a-write.o)
 .comment       0x00000046       0x24 C:/devkitPro/devkitARM/bin/../lib/gcc/arm-none-eabi/13.2.0/thumb\libgcc.a(_muldi3.o)
 .comment       0x00000046       0x24 C:/devkitPro/devkitARM/bin/../lib/gcc/arm-none-eabi/13.2.0/thumb\libgcc.a(_udivmoddi4.o)
 .comment       0x00000046       0x24 C:/devkitPro/devkitARM/bin/../lib/gcc/arm-none-eabi/13.2.0/thumb/crtend.o

.ARM.attributes
                0x00000000       0x2d
 .ARM.attributes
                0x00000000       0x21 C:/devkitPro/devkitARM/bin/../lib/gcc/arm-none-eabi/13.2.0/../../../../arm-none-eabi/lib/thumb/ds_arm9_crt0.o
 .ARM.attributes
                0x00000021       0x1c C:/devkitPro/devkitARM/bin/../lib/gcc/arm-none-eabi/13.2.0/thumb/crti.o
 .ARM.attributes
                0x0000003d       0x2a C:/devkitPro/devkitARM/bin/../lib/gcc/arm-none-eabi/13.2.0/thumb/crtbegin.o
 .ARM.attributes
                0x00000067       0x27 main.o
 .ARM.attributes
                0x0000008e       0x2b C:/devkitPro/libnds/lib\libnds9.a(background.o)
 .ARM.attributes
                0x000000b9       0x2b C:/devkitPro/libnds/lib\libnds9.a(trig.o)
 .ARM.attributes
                0x000000e4       0x2b C:/devkitPro/libnds/lib\libnds9.a(console.o)
 .ARM.attributes
                0x0000010f       0x2b C:/devkitPro/libnds/lib\libnds9.a(keys.o)
 .ARM.attributes
                0x0000013a       0x2b C:/devkitPro/libnds/lib\libnds9.a(initSystem.o)
 .ARM.attributes
                0x00000165       0x2b C:/devkitPro/libnds/lib\libnds9.a(securearea.o)
 .ARM.attributes
                0x00000190       0x2b C:/devkitPro/libnds/lib\libnds9.a(interrupts.o)
 .ARM.attributes
                0x000001bb       0x2b C:/devkitPro/libnds/lib\libnds9.a(libnds_exit.arm.o)
 .ARM.attributes
                0x000001e6       0x2b C:/devkitPro/libnds/lib\libnds9.a(fifosystem.o)
 .ARM.attributes
                0x00000211       0x21 C:/devkitPro/libnds/lib\libnds9.a(mpu_setup.o)
 .ARM.attributes
                0x00000232       0x21 C:/devkitPro/libnds/lib\libnds9.a(IntrWait.o)
 .ARM.attributes
                0x00000253       0x21 C:/devkitPro/libnds/lib\libnds9.a(cpu_clock.o)
 .ARM.attributes
                0x00000274       0x1b C:/devkitPro/libnds/lib\libnds9.a(interruptDispatcher.o)
 .ARM.attributes
                0x0000028f       0x21 C:/devkitPro/libnds/lib\libnds9.a(swiSoftReset.o)
 .ARM.attributes
                0x000002b0       0x14 C:/devkitPro/libnds/lib\libnds9.a(default_font.bin.o)
 .ARM.attributes
                0x000002c4       0x2b C:/devkitPro/libnds/lib\libnds9.a(video.o)
 .ARM.attributes
                0x000002ef       0x2b C:/devkitPro/libnds/lib\libnds9.a(system.o)
 .ARM.attributes
                0x0000031a       0x1b C:/devkitPro/libnds/lib\libnds9.a(biosCalls.o)
 .ARM.attributes
                0x00000335       0x1c C:/devkitPro/devkitARM/bin/../lib/gcc/arm-none-eabi/13.2.0/thumb\libgcc.a(_udivsi3.o)
 .ARM.attributes
                0x00000351       0x1c C:/devkitPro/devkitARM/bin/../lib/gcc/arm-none-eabi/13.2.0/thumb\libgcc.a(_divsi3.o)
 .ARM.attributes
                0x0000036d       0x1c C:/devkitPro/devkitARM/bin/../lib/gcc/arm-none-eabi/13.2.0/thumb\libgcc.a(_dvmd_tls.o)
 .ARM.attributes
                0x00000389       0x2a C:/devkitPro/devkitARM/bin/../lib/gcc/arm-none-eabi/13.2.0/../../../../arm-none-eabi/lib/thumb\libg.a(libc_a-siscanf.o)
 .ARM.attributes
                0x000003b3       0x2a C:/devkitPro/devkitARM/bin/../lib/gcc/arm-none-eabi/13.2.0/../../../../arm-none-eabi/lib/thumb\libg.a(libc_a-setvbuf.o)
 .ARM.attributes
                0x000003dd       0x2a C:/devkitPro/devkitARM/bin/../lib/gcc/arm-none-eabi/13.2.0/../../../../arm-none-eabi/lib/thumb\libg.a(libc_a-svfiscanf.o)
 .ARM.attributes
                0x00000407       0x2a C:/devkitPro/devkitARM/bin/../lib/gcc/arm-none-eabi/13.2.0/../../../../arm-none-eabi/lib/thumb\libg.a(libc_a-freer.o)
 .ARM.attributes
                0x00000431       0x2a C:/devkitPro/devkitARM/bin/../lib/gcc/arm-none-eabi/13.2.0/../../../../arm-none-eabi/lib/thumb\libg.a(libc_a-iprintf.o)
 .ARM.attributes
                0x0000045b       0x2a C:/devkitPro/devkitARM/bin/../lib/gcc/arm-none-eabi/13.2.0/../../../../arm-none-eabi/lib/thumb\libg.a(libc_a-malloc.o)
 .ARM.attributes
                0x00000485       0x2a C:/devkitPro/devkitARM/bin/../lib/gcc/arm-none-eabi/13.2.0/../../../../arm-none-eabi/lib/thumb\libg.a(libc_a-mallocr.o)
 .ARM.attributes
                0x000004af       0x2a C:/devkitPro/devkitARM/bin/../lib/gcc/arm-none-eabi/13.2.0/../../../../arm-none-eabi/lib/thumb\libg.a(libc_a-memset.o)
 .ARM.attributes
                0x000004d9       0x2a C:/devkitPro/devkitARM/bin/../lib/gcc/arm-none-eabi/13.2.0/../../../../arm-none-eabi/lib/thumb\libg.a(libc_a-mlock.o)
 .ARM.attributes
                0x00000503       0x2a C:/devkitPro/devkitARM/bin/../lib/gcc/arm-none-eabi/13.2.0/../../../../arm-none-eabi/lib/thumb\libg.a(libc_a-strlen.o)
 .ARM.attributes
                0x0000052d       0x2a C:/devkitPro/devkitARM/bin/../lib/gcc/arm-none-eabi/13.2.0/../../../../arm-none-eabi/lib/thumb\libg.a(libc_a-fflush.o)
 .ARM.attributes
                0x00000557       0x2a C:/devkitPro/devkitARM/bin/../lib/gcc/arm-none-eabi/13.2.0/../../../../arm-none-eabi/lib/thumb\libg.a(libc_a-fwalk.o)
 .ARM.attributes
                0x00000581       0x2a C:/devkitPro/devkitARM/bin/../lib/gcc/arm-none-eabi/13.2.0/../../../../arm-none-eabi/lib/thumb\libg.a(libc_a-findfp.o)
 .ARM.attributes
                0x000005ab       0x2a C:/devkitPro/devkitARM/bin/../lib/gcc/arm-none-eabi/13.2.0/../../../../arm-none-eabi/lib/thumb\libg.a(libc_a-strtol.o)
 .ARM.attributes
                0x000005d5       0x2a C:/devkitPro/devkitARM/bin/../lib/gcc/arm-none-eabi/13.2.0/../../../../arm-none-eabi/lib/thumb\libg.a(libc_a-realloc.o)
 .ARM.attributes
                0x000005ff       0x2a C:/devkitPro/devkitARM/bin/../lib/gcc/arm-none-eabi/13.2.0/../../../../arm-none-eabi/lib/thumb\libg.a(libc_a-strtoul.o)
 .ARM.attributes
                0x00000629       0x2a C:/devkitPro/devkitARM/bin/../lib/gcc/arm-none-eabi/13.2.0/../../../../arm-none-eabi/lib/thumb\libg.a(libc_a-locale.o)
 .ARM.attributes
                0x00000653       0x2a C:/devkitPro/devkitARM/bin/../lib/gcc/arm-none-eabi/13.2.0/../../../../arm-none-eabi/lib/thumb\libg.a(libc_a-wctomb_r.o)
 .ARM.attributes
                0x0000067d       0x2a C:/devkitPro/devkitARM/bin/../lib/gcc/arm-none-eabi/13.2.0/../../../../arm-none-eabi/lib/thumb\libg.a(libc_a-memcpy-stub.o)
 .ARM.attributes
                0x000006a7       0x2a C:/devkitPro/devkitARM/bin/../lib/gcc/arm-none-eabi/13.2.0/../../../../arm-none-eabi/lib/thumb\libg.a(libc_a-impure.o)
 .ARM.attributes
                0x000006d1       0x2a C:/devkitPro/devkitARM/bin/../lib/gcc/arm-none-eabi/13.2.0/../../../../arm-none-eabi/lib/thumb\libg.a(libc_a-init.o)
 .ARM.attributes
                0x000006fb       0x2a C:/devkitPro/devkitARM/bin/../lib/gcc/arm-none-eabi/13.2.0/../../../../arm-none-eabi/lib/thumb\libg.a(libc_a-errno.o)
 .ARM.attributes
                0x00000725       0x2a C:/devkitPro/devkitARM/bin/../lib/gcc/arm-none-eabi/13.2.0/../../../../arm-none-eabi/lib/thumb\libg.a(libc_a-strtoll.o)
 .ARM.attributes
                0x0000074f       0x2a C:/devkitPro/devkitARM/bin/../lib/gcc/arm-none-eabi/13.2.0/../../../../arm-none-eabi/lib/thumb\libg.a(libc_a-strtoull.o)
 .ARM.attributes
                0x00000779       0x2a C:/devkitPro/devkitARM/bin/../lib/gcc/arm-none-eabi/13.2.0/../../../../arm-none-eabi/lib/thumb\libg.a(libc_a-iswspace.o)
 .ARM.attributes
                0x000007a3       0x2a C:/devkitPro/devkitARM/bin/../lib/gcc/arm-none-eabi/13.2.0/../../../../arm-none-eabi/lib/thumb\libg.a(libc_a-mbrtowc.o)
 .ARM.attributes
                0x000007cd       0x2a C:/devkitPro/devkitARM/bin/../lib/gcc/arm-none-eabi/13.2.0/../../../../arm-none-eabi/lib/thumb\libg.a(libc_a-makebuf.o)
 .ARM.attributes
                0x000007f7       0x2a C:/devkitPro/devkitARM/bin/../lib/gcc/arm-none-eabi/13.2.0/../../../../arm-none-eabi/lib/thumb\libg.a(libc_a-iswspace_l.o)
 .ARM.attributes
                0x00000821       0x2a C:/devkitPro/devkitARM/bin/../lib/gcc/arm-none-eabi/13.2.0/../../../../arm-none-eabi/lib/thumb\libg.a(libc_a-ctype_.o)
 .ARM.attributes
                0x0000084b       0x2a C:/devkitPro/devkitARM/bin/../lib/gcc/arm-none-eabi/13.2.0/../../../../arm-none-eabi/lib/thumb\libg.a(libc_a-sccl.o)
 .ARM.attributes
                0x00000875       0x2a C:/devkitPro/devkitARM/bin/../lib/gcc/arm-none-eabi/13.2.0/../../../../arm-none-eabi/lib/thumb\libg.a(libc_a-ungetc.o)
 .ARM.attributes
                0x0000089f       0x2a C:/devkitPro/devkitARM/bin/../lib/gcc/arm-none-eabi/13.2.0/../../../../arm-none-eabi/lib/thumb\libg.a(libc_a-stdio.o)
 .ARM.attributes
                0x000008c9       0x2a C:/devkitPro/devkitARM/bin/../lib/gcc/arm-none-eabi/13.2.0/../../../../arm-none-eabi/lib/thumb\libg.a(libc_a-categories.o)
 .ARM.attributes
                0x000008f3       0x2a C:/devkitPro/devkitARM/bin/../lib/gcc/arm-none-eabi/13.2.0/../../../../arm-none-eabi/lib/thumb\libg.a(libc_a-vfiprintf.o)
 .ARM.attributes
                0x0000091d       0x2a C:/devkitPro/devkitARM/bin/../lib/gcc/arm-none-eabi/13.2.0/../../../../arm-none-eabi/lib/thumb\libg.a(libc_a-svfiprintf.o)
 .ARM.attributes
                0x00000947       0x2a C:/devkitPro/devkitARM/bin/../lib/gcc/arm-none-eabi/13.2.0/../../../../arm-none-eabi/lib/thumb\libg.a(libc_a-wsetup.o)
 .ARM.attributes
                0x00000971       0x2a C:/devkitPro/devkitARM/bin/../lib/gcc/arm-none-eabi/13.2.0/../../../../arm-none-eabi/lib/thumb\libg.a(libc_a-fclose.o)
 .ARM.attributes
                0x0000099b       0x2a C:/devkitPro/devkitARM/bin/../lib/gcc/arm-none-eabi/13.2.0/../../../../arm-none-eabi/lib/thumb\libg.a(libc_a-memmove.o)
 .ARM.attributes
                0x000009c5       0x2a C:/devkitPro/devkitARM/bin/../lib/gcc/arm-none-eabi/13.2.0/../../../../arm-none-eabi/lib/thumb\libg.a(libc_a-fvwrite.o)
 .ARM.attributes
                0x000009ef       0x2a C:/devkitPro/devkitARM/bin/../lib/gcc/arm-none-eabi/13.2.0/../../../../arm-none-eabi/lib/thumb\libg.a(libc_a-reallocr.o)
 .ARM.attributes
                0x00000a19       0x2a C:/devkitPro/devkitARM/bin/../lib/gcc/arm-none-eabi/13.2.0/../../../../arm-none-eabi/lib/thumb\libg.a(libc_a-strncpy.o)
 .ARM.attributes
                0x00000a43       0x2a C:/devkitPro/devkitARM/bin/../lib/gcc/arm-none-eabi/13.2.0/../../../../arm-none-eabi/lib/thumb\libg.a(libc_a-mbtowc_r.o)
 .ARM.attributes
                0x00000a6d       0x2a C:/devkitPro/devkitARM/bin/../lib/gcc/arm-none-eabi/13.2.0/../../../../arm-none-eabi/lib/thumb\libg.a(libc_a-localeconv.o)
 .ARM.attributes
                0x00000a97       0x2a C:/devkitPro/devkitARM/bin/../lib/gcc/arm-none-eabi/13.2.0/../../../../arm-none-eabi/lib/thumb\libg.a(libc_a-memchr-stub.o)
 .ARM.attributes
                0x00000ac1       0x2a C:/devkitPro/devkitARM/bin/../lib/gcc/arm-none-eabi/13.2.0/../../../../arm-none-eabi/lib/thumb\libg.a(libc_a-wcrtomb.o)
 .ARM.attributes
                0x00000aeb       0x2a C:/devkitPro/devkitARM/bin/../lib/gcc/arm-none-eabi/13.2.0/../../../../arm-none-eabi/lib/thumb\libg.a(libc_a-wcsrtombs.o)
 .ARM.attributes
                0x00000b15       0x2a C:/devkitPro/devkitARM/bin/../lib/gcc/arm-none-eabi/13.2.0/../../../../arm-none-eabi/lib/thumb\libg.a(libc_a-wcsnrtombs.o)
 .ARM.attributes
                0x00000b3f       0x2a C:/devkitPro/devkitARM/bin/../lib/gcc/arm-none-eabi/13.2.0/../../../../arm-none-eabi/lib/thumb\libsysbase.a(libsysbase_libsysbase_a-build_argv.o)
 .ARM.attributes
                0x00000b69       0x2a C:/devkitPro/devkitARM/bin/../lib/gcc/arm-none-eabi/13.2.0/../../../../arm-none-eabi/lib/thumb\libsysbase.a(libsysbase_libsysbase_a-fstat.o)
 .ARM.attributes
                0x00000b93       0x2a C:/devkitPro/devkitARM/bin/../lib/gcc/arm-none-eabi/13.2.0/../../../../arm-none-eabi/lib/thumb\libsysbase.a(libsysbase_libsysbase_a-getreent.o)
 .ARM.attributes
                0x00000bbd       0x2a C:/devkitPro/devkitARM/bin/../lib/gcc/arm-none-eabi/13.2.0/../../../../arm-none-eabi/lib/thumb\libsysbase.a(libsysbase_libsysbase_a-handle_manager.o)
 .ARM.attributes
                0x00000be7       0x2a C:/devkitPro/devkitARM/bin/../lib/gcc/arm-none-eabi/13.2.0/../../../../arm-none-eabi/lib/thumb\libsysbase.a(libsysbase_libsysbase_a-iosupport.o)
 .ARM.attributes
                0x00000c11       0x2a C:/devkitPro/devkitARM/bin/../lib/gcc/arm-none-eabi/13.2.0/../../../../arm-none-eabi/lib/thumb\libsysbase.a(libsysbase_libsysbase_a-isatty.o)
 .ARM.attributes
                0x00000c3b       0x2a C:/devkitPro/devkitARM/bin/../lib/gcc/arm-none-eabi/13.2.0/../../../../arm-none-eabi/lib/thumb\libsysbase.a(libsysbase_libsysbase_a-lseek.o)
 .ARM.attributes
                0x00000c65       0x2a C:/devkitPro/devkitARM/bin/../lib/gcc/arm-none-eabi/13.2.0/../../../../arm-none-eabi/lib/thumb\libsysbase.a(libsysbase_libsysbase_a-malloc_vars.o)
 .ARM.attributes
                0x00000c8f       0x2a C:/devkitPro/devkitARM/bin/../lib/gcc/arm-none-eabi/13.2.0/../../../../arm-none-eabi/lib/thumb\libsysbase.a(libsysbase_libsysbase_a-read.o)
 .ARM.attributes
                0x00000cb9       0x2a C:/devkitPro/devkitARM/bin/../lib/gcc/arm-none-eabi/13.2.0/../../../../arm-none-eabi/lib/thumb\libsysbase.a(libsysbase_libsysbase_a-sbrk.o)
 .ARM.attributes
                0x00000ce3       0x2a C:/devkitPro/devkitARM/bin/../lib/gcc/arm-none-eabi/13.2.0/../../../../arm-none-eabi/lib/thumb\libsysbase.a(libsysbase_libsysbase_a-syscall_support.o)
 .ARM.attributes
                0x00000d0d       0x2a C:/devkitPro/devkitARM/bin/../lib/gcc/arm-none-eabi/13.2.0/../../../../arm-none-eabi/lib/thumb\libsysbase.a(libsysbase_libsysbase_a-write.o)
 .ARM.attributes
                0x00000d37       0x1c C:/devkitPro/devkitARM/bin/../lib/gcc/arm-none-eabi/13.2.0/thumb\libgcc.a(_thumb1_case_uqi.o)
 .ARM.attributes
                0x00000d53       0x1c C:/devkitPro/devkitARM/bin/../lib/gcc/arm-none-eabi/13.2.0/thumb\libgcc.a(_thumb1_case_uhi.o)
 .ARM.attributes
                0x00000d6f       0x1c C:/devkitPro/devkitARM/bin/../lib/gcc/arm-none-eabi/13.2.0/thumb\libgcc.a(_aeabi_uldivmod.o)
 .ARM.attributes
                0x00000d8b       0x2a C:/devkitPro/devkitARM/bin/../lib/gcc/arm-none-eabi/13.2.0/thumb\libgcc.a(_muldi3.o)
 .ARM.attributes
                0x00000db5       0x2a C:/devkitPro/devkitARM/bin/../lib/gcc/arm-none-eabi/13.2.0/thumb\libgcc.a(_udivmoddi4.o)
 .ARM.attributes
                0x00000ddf       0x1c C:/devkitPro/devkitARM/bin/../lib/gcc/arm-none-eabi/13.2.0/thumb\libgcc.a(_clzdi2.o)
 .ARM.attributes
                0x00000dfb       0x1c C:/devkitPro/devkitARM/bin/../lib/gcc/arm-none-eabi/13.2.0/thumb\libgcc.a(_clzsi2.o)
 .ARM.attributes
                0x00000e17       0x2a C:/devkitPro/devkitARM/bin/../lib/gcc/arm-none-eabi/13.2.0/thumb/crtend.o
 .ARM.attributes
                0x00000e41       0x1c C:/devkitPro/devkitARM/bin/../lib/gcc/arm-none-eabi/13.2.0/thumb/crtn.o

.debug
 *(.debug)

.line
 *(.line)

.debug_srcinfo
 *(.debug_srcinfo)

.debug_sfnames
 *(.debug_sfnames)

.debug_aranges  0x00000000      0x538
 *(.debug_aranges)
 .debug_aranges
                0x00000000       0x28 main.o
 .debug_aranges
                0x00000028       0x40 C:/devkitPro/libnds/lib\libnds9.a(background.o)
 .debug_aranges
                0x00000068       0x60 C:/devkitPro/libnds/lib\libnds9.a(trig.o)
 .debug_aranges
                0x000000c8       0x80 C:/devkitPro/libnds/lib\libnds9.a(console.o)
 .debug_aranges
                0x00000148       0x50 C:/devkitPro/libnds/lib\libnds9.a(keys.o)
 .debug_aranges
                0x00000198       0x30 C:/devkitPro/libnds/lib\libnds9.a(initSystem.o)
 .debug_aranges
                0x000001c8       0x18 C:/devkitPro/libnds/lib\libnds9.a(securearea.o)
 .debug_aranges
                0x000001e0       0x50 C:/devkitPro/libnds/lib\libnds9.a(interrupts.o)
 .debug_aranges
                0x00000230       0x28 C:/devkitPro/libnds/lib\libnds9.a(libnds_exit.arm.o)
 .debug_aranges
                0x00000258       0xb0 C:/devkitPro/libnds/lib\libnds9.a(fifosystem.o)
 .debug_aranges
                0x00000308       0x30 C:/devkitPro/libnds/lib\libnds9.a(mpu_setup.o)
 .debug_aranges
                0x00000338       0x28 C:/devkitPro/libnds/lib\libnds9.a(IntrWait.o)
 .debug_aranges
                0x00000360       0x20 C:/devkitPro/libnds/lib\libnds9.a(cpu_clock.o)
 .debug_aranges
                0x00000380       0x20 C:/devkitPro/libnds/lib\libnds9.a(interruptDispatcher.o)
 .debug_aranges
                0x000003a0       0x20 C:/devkitPro/libnds/lib\libnds9.a(swiSoftReset.o)
 .debug_aranges
                0x000003c0       0x48 C:/devkitPro/libnds/lib\libnds9.a(video.o)
 .debug_aranges
                0x00000408       0x68 C:/devkitPro/libnds/lib\libnds9.a(system.o)
 .debug_aranges
                0x00000470       0xc8 C:/devkitPro/libnds/lib\libnds9.a(biosCalls.o)

.debug_pubnames
 *(.debug_pubnames)

.debug_info     0x00000000     0x91e1
 *(.debug_info)
 .debug_info    0x00000000      0xe24 main.o
 .debug_info    0x00000e24      0xa9c C:/devkitPro/libnds/lib\libnds9.a(background.o)
 .debug_info    0x000018c0      0x793 C:/devkitPro/libnds/lib\libnds9.a(trig.o)
 .debug_info    0x00002053     0x26ac C:/devkitPro/libnds/lib\libnds9.a(console.o)
 .debug_info    0x000046ff      0x43b C:/devkitPro/libnds/lib\libnds9.a(keys.o)
 .debug_info    0x00004b3a     0x113e C:/devkitPro/libnds/lib\libnds9.a(initSystem.o)
 .debug_info    0x00005c78       0x5a C:/devkitPro/libnds/lib\libnds9.a(securearea.o)
 .debug_info    0x00005cd2      0x68d C:/devkitPro/libnds/lib\libnds9.a(interrupts.o)
 .debug_info    0x0000635f      0x367 C:/devkitPro/libnds/lib\libnds9.a(libnds_exit.arm.o)
 .debug_info    0x000066c6     0x183f C:/devkitPro/libnds/lib\libnds9.a(fifosystem.o)
 .debug_info    0x00007f05       0x23 C:/devkitPro/libnds/lib\libnds9.a(mpu_setup.o)
 .debug_info    0x00007f28       0x23 C:/devkitPro/libnds/lib\libnds9.a(IntrWait.o)
 .debug_info    0x00007f4b       0x24 C:/devkitPro/libnds/lib\libnds9.a(cpu_clock.o)
 .debug_info    0x00007f6f       0x25 C:/devkitPro/libnds/lib\libnds9.a(interruptDispatcher.o)
 .debug_info    0x00007f94       0x24 C:/devkitPro/libnds/lib\libnds9.a(swiSoftReset.o)
 .debug_info    0x00007fb8      0x790 C:/devkitPro/libnds/lib\libnds9.a(video.o)
 .debug_info    0x00008748      0xa76 C:/devkitPro/libnds/lib\libnds9.a(system.o)
 .debug_info    0x000091be       0x23 C:/devkitPro/libnds/lib\libnds9.a(biosCalls.o)

.debug_abbrev   0x00000000     0x2385
 *(.debug_abbrev)
 .debug_abbrev  0x00000000      0x310 main.o
 .debug_abbrev  0x00000310      0x366 C:/devkitPro/libnds/lib\libnds9.a(background.o)
 .debug_abbrev  0x00000676      0x26e C:/devkitPro/libnds/lib\libnds9.a(trig.o)
 .debug_abbrev  0x000008e4      0x5b3 C:/devkitPro/libnds/lib\libnds9.a(console.o)
 .debug_abbrev  0x00000e97      0x1a7 C:/devkitPro/libnds/lib\libnds9.a(keys.o)
 .debug_abbrev  0x0000103e      0x3e1 C:/devkitPro/libnds/lib\libnds9.a(initSystem.o)
 .debug_abbrev  0x0000141f       0x47 C:/devkitPro/libnds/lib\libnds9.a(securearea.o)
 .debug_abbrev  0x00001466      0x2da C:/devkitPro/libnds/lib\libnds9.a(interrupts.o)
 .debug_abbrev  0x00001740      0x1ad C:/devkitPro/libnds/lib\libnds9.a(libnds_exit.arm.o)
 .debug_abbrev  0x000018ed      0x4bb C:/devkitPro/libnds/lib\libnds9.a(fifosystem.o)
 .debug_abbrev  0x00001da8       0x12 C:/devkitPro/libnds/lib\libnds9.a(mpu_setup.o)
 .debug_abbrev  0x00001dba       0x12 C:/devkitPro/libnds/lib\libnds9.a(IntrWait.o)
 .debug_abbrev  0x00001dcc       0x14 C:/devkitPro/libnds/lib\libnds9.a(cpu_clock.o)
 .debug_abbrev  0x00001de0       0x14 C:/devkitPro/libnds/lib\libnds9.a(interruptDispatcher.o)
 .debug_abbrev  0x00001df4       0x14 C:/devkitPro/libnds/lib\libnds9.a(swiSoftReset.o)
 .debug_abbrev  0x00001e08      0x24c C:/devkitPro/libnds/lib\libnds9.a(video.o)
 .debug_abbrev  0x00002054      0x31f C:/devkitPro/libnds/lib\libnds9.a(system.o)
 .debug_abbrev  0x00002373       0x12 C:/devkitPro/libnds/lib\libnds9.a(biosCalls.o)

.debug_line     0x00000000     0x5acc
 *(.debug_line)
 .debug_line    0x00000000      0x351 main.o
 .debug_line    0x00000351      0x725 C:/devkitPro/libnds/lib\libnds9.a(background.o)
 .debug_line    0x00000a76      0x837 C:/devkitPro/libnds/lib\libnds9.a(trig.o)
 .debug_line    0x000012ad     0x1414 C:/devkitPro/libnds/lib\libnds9.a(console.o)
 .debug_line    0x000026c1      0x399 C:/devkitPro/libnds/lib\libnds9.a(keys.o)
 .debug_line    0x00002a5a      0x597 C:/devkitPro/libnds/lib\libnds9.a(initSystem.o)
 .debug_line    0x00002ff1       0x8f C:/devkitPro/libnds/lib\libnds9.a(securearea.o)
 .debug_line    0x00003080      0x54c C:/devkitPro/libnds/lib\libnds9.a(interrupts.o)
 .debug_line    0x000035cc      0x23b C:/devkitPro/libnds/lib\libnds9.a(libnds_exit.arm.o)
 .debug_line    0x00003807     0x14f5 C:/devkitPro/libnds/lib\libnds9.a(fifosystem.o)
 .debug_line    0x00004cfc       0xe8 C:/devkitPro/libnds/lib\libnds9.a(mpu_setup.o)
 .debug_line    0x00004de4       0x74 C:/devkitPro/libnds/lib\libnds9.a(IntrWait.o)
 .debug_line    0x00004e58       0x5c C:/devkitPro/libnds/lib\libnds9.a(cpu_clock.o)
 .debug_line    0x00004eb4       0x80 C:/devkitPro/libnds/lib\libnds9.a(interruptDispatcher.o)
 .debug_line    0x00004f34       0x57 C:/devkitPro/libnds/lib\libnds9.a(swiSoftReset.o)
 .debug_line    0x00004f8b      0x4b5 C:/devkitPro/libnds/lib\libnds9.a(video.o)
 .debug_line    0x00005440      0x4dc C:/devkitPro/libnds/lib\libnds9.a(system.o)
 .debug_line    0x0000591c      0x1b0 C:/devkitPro/libnds/lib\libnds9.a(biosCalls.o)

.debug_frame    0x00000000      0x964
 *(.debug_frame)
 .debug_frame   0x00000000       0x48 main.o
 .debug_frame   0x00000048       0xb8 C:/devkitPro/libnds/lib\libnds9.a(background.o)
 .debug_frame   0x00000100       0xd8 C:/devkitPro/libnds/lib\libnds9.a(trig.o)
 .debug_frame   0x000001d8      0x180 C:/devkitPro/libnds/lib\libnds9.a(console.o)
 .debug_frame   0x00000358       0x8c C:/devkitPro/libnds/lib\libnds9.a(keys.o)
 .debug_frame   0x000003e4       0x5c C:/devkitPro/libnds/lib\libnds9.a(initSystem.o)
 .debug_frame   0x00000440       0xa4 C:/devkitPro/libnds/lib\libnds9.a(interrupts.o)
 .debug_frame   0x000004e4       0x38 C:/devkitPro/libnds/lib\libnds9.a(libnds_exit.arm.o)
 .debug_frame   0x0000051c      0x294 C:/devkitPro/libnds/lib\libnds9.a(fifosystem.o)
 .debug_frame   0x000007b0       0xbc C:/devkitPro/libnds/lib\libnds9.a(video.o)
 .debug_frame   0x0000086c       0xf8 C:/devkitPro/libnds/lib\libnds9.a(system.o)

.debug_str      0x00000000     0x341b
 *(.debug_str)
 .debug_str     0x00000000     0x341b main.o
                                0xcac (size before relaxing)
 .debug_str     0x0000341b      0x7a2 C:/devkitPro/libnds/lib\libnds9.a(background.o)
 .debug_str     0x0000341b      0x2fc C:/devkitPro/libnds/lib\libnds9.a(trig.o)
 .debug_str     0x0000341b     0x1282 C:/devkitPro/libnds/lib\libnds9.a(console.o)
 .debug_str     0x0000341b      0x420 C:/devkitPro/libnds/lib\libnds9.a(keys.o)
 .debug_str     0x0000341b      0xb81 C:/devkitPro/libnds/lib\libnds9.a(initSystem.o)
 .debug_str     0x0000341b      0x16e C:/devkitPro/libnds/lib\libnds9.a(securearea.o)
 .debug_str     0x0000341b      0x496 C:/devkitPro/libnds/lib\libnds9.a(interrupts.o)
 .debug_str     0x0000341b      0x3e5 C:/devkitPro/libnds/lib\libnds9.a(libnds_exit.arm.o)
 .debug_str     0x0000341b      0x8a9 C:/devkitPro/libnds/lib\libnds9.a(fifosystem.o)
 .debug_str     0x0000341b       0x6c C:/devkitPro/libnds/lib\libnds9.a(mpu_setup.o)
 .debug_str     0x0000341b       0x6b C:/devkitPro/libnds/lib\libnds9.a(IntrWait.o)
 .debug_str     0x0000341b       0x6c C:/devkitPro/libnds/lib\libnds9.a(cpu_clock.o)
 .debug_str     0x0000341b       0x76 C:/devkitPro/libnds/lib\libnds9.a(interruptDispatcher.o)
 .debug_str     0x0000341b       0x6f C:/devkitPro/libnds/lib\libnds9.a(swiSoftReset.o)
 .debug_str     0x0000341b      0xc53 C:/devkitPro/libnds/lib\libnds9.a(video.o)
 .debug_str     0x0000341b      0x798 C:/devkitPro/libnds/lib\libnds9.a(system.o)
 .debug_str     0x0000341b       0x6c C:/devkitPro/libnds/lib\libnds9.a(biosCalls.o)

.debug_loc
 *(.debug_loc)

.debug_macinfo
 *(.debug_macinfo)

.debug_weaknames
 *(.debug_weaknames)

.debug_funcnames
 *(.debug_funcnames)

.debug_typenames
 *(.debug_typenames)

.debug_varnames
 *(.debug_varnames)

.stack          0x00080000        0x0
                0x00080000                        _stack = .
 *(.stack)
LOAD C:/devkitPro/devkitARM/bin/../lib/gcc/arm-none-eabi/13.2.0/../../../../arm-none-eabi/lib/thumb/ds_arm9_crt0.o
LOAD C:/devkitPro/devkitARM/bin/../lib/gcc/arm-none-eabi/13.2.0/thumb/crti.o
LOAD C:/devkitPro/devkitARM/bin/../lib/gcc/arm-none-eabi/13.2.0/thumb/crtbegin.o
LOAD main.o
LOAD C:/devkitPro/libnds/lib\libnds9.a
LOAD C:/devkitPro/libnds/lib\libfat.a
START GROUP
LOAD C:/devkitPro/devkitARM/bin/../lib/gcc/arm-none-eabi/13.2.0/thumb\libgcc.a
LOAD C:/devkitPro/devkitARM/bin/../lib/gcc/arm-none-eabi/13.2.0/../../../../arm-none-eabi/lib/thumb\libg.a
LOAD C:/devkitPro/devkitARM/bin/../lib/gcc/arm-none-eabi/13.2.0/../../../../arm-none-eabi/lib/thumb\libc.a
LOAD C:/devkitPro/devkitARM/bin/../lib/gcc/arm-none-eabi/13.2.0/../../../../arm-none-eabi/lib/thumb\libsysbase.a
END GROUP
LOAD C:/devkitPro/devkitARM/bin/../lib/gcc/arm-none-eabi/13.2.0/thumb/crtend.o
LOAD C:/devkitPro/devkitARM/bin/../lib/gcc/arm-none-eabi/13.2.0/thumb/crtn.o
OUTPUT(C:/users/hutoa/documents/github/joke-gen/joke-gen.elf elf32-littlearm)
LOAD linker stubs

.debug_loclists
                0x00000000     0x2e8b
 .debug_loclists
                0x00000000      0x106 main.o
 .debug_loclists
                0x00000106      0x2a3 C:/devkitPro/libnds/lib\libnds9.a(background.o)
 .debug_loclists
                0x000003a9      0x779 C:/devkitPro/libnds/lib\libnds9.a(trig.o)
 .debug_loclists
                0x00000b22      0xf6c C:/devkitPro/libnds/lib\libnds9.a(console.o)
 .debug_loclists
                0x00001a8e       0x17 C:/devkitPro/libnds/lib\libnds9.a(keys.o)
 .debug_loclists
                0x00001aa5       0xc5 C:/devkitPro/libnds/lib\libnds9.a(initSystem.o)
 .debug_loclists
                0x00001b6a      0x1a5 C:/devkitPro/libnds/lib\libnds9.a(interrupts.o)
 .debug_loclists
                0x00001d0f       0x48 C:/devkitPro/libnds/lib\libnds9.a(libnds_exit.arm.o)
 .debug_loclists
                0x00001d57      0xe1a C:/devkitPro/libnds/lib\libnds9.a(fifosystem.o)
 .debug_loclists
                0x00002b71      0x1da C:/devkitPro/libnds/lib\libnds9.a(video.o)
 .debug_loclists
                0x00002d4b      0x140 C:/devkitPro/libnds/lib\libnds9.a(system.o)

.debug_rnglists
                0x00000000      0x883
 .debug_rnglists
                0x00000000       0x5f main.o
 .debug_rnglists
                0x0000005f       0x7c C:/devkitPro/libnds/lib\libnds9.a(background.o)
 .debug_rnglists
                0x000000db       0x9d C:/devkitPro/libnds/lib\libnds9.a(trig.o)
 .debug_rnglists
                0x00000178      0x20e C:/devkitPro/libnds/lib\libnds9.a(console.o)
 .debug_rnglists
                0x00000386       0x44 C:/devkitPro/libnds/lib\libnds9.a(keys.o)
 .debug_rnglists
                0x000003ca       0x20 C:/devkitPro/libnds/lib\libnds9.a(initSystem.o)
 .debug_rnglists
                0x000003ea       0x8b C:/devkitPro/libnds/lib\libnds9.a(interrupts.o)
 .debug_rnglists
                0x00000475       0x19 C:/devkitPro/libnds/lib\libnds9.a(libnds_exit.arm.o)
 .debug_rnglists
                0x0000048e      0x2a4 C:/devkitPro/libnds/lib\libnds9.a(fifosystem.o)
 .debug_rnglists
                0x00000732       0x20 C:/devkitPro/libnds/lib\libnds9.a(mpu_setup.o)
 .debug_rnglists
                0x00000752       0x19 C:/devkitPro/libnds/lib\libnds9.a(IntrWait.o)
 .debug_rnglists
                0x0000076b       0x3e C:/devkitPro/libnds/lib\libnds9.a(video.o)
 .debug_rnglists
                0x000007a9       0x49 C:/devkitPro/libnds/lib\libnds9.a(system.o)
 .debug_rnglists
                0x000007f2       0x91 C:/devkitPro/libnds/lib\libnds9.a(biosCalls.o)

.debug_line_str
                0x00000000      0x113
 .debug_line_str
                0x00000000      0x113 C:/devkitPro/libnds/lib\libnds9.a(mpu_setup.o)
                                 0xdc (size before relaxing)
 .debug_line_str
                0x00000113       0xda C:/devkitPro/libnds/lib\libnds9.a(IntrWait.o)
 .debug_line_str
                0x00000113       0xdc C:/devkitPro/libnds/lib\libnds9.a(cpu_clock.o)
 .debug_line_str
                0x00000113       0xe6 C:/devkitPro/libnds/lib\libnds9.a(interruptDispatcher.o)
 .debug_line_str
                0x00000113       0xd8 C:/devkitPro/libnds/lib\libnds9.a(swiSoftReset.o)
 .debug_line_str
                0x00000113       0xd2 C:/devkitPro/libnds/lib\libnds9.a(biosCalls.o)
